Archive member included to satisfy reference by file (symbol)

C:/Program Files/SEGGER/SEGGER Embedded Studio for ARM 3.34a/lib/libc_v7em_fpv4_sp_d16_hard_t_le_eabi.a(libc2.o)
                              Output/sk6812_i2s_pca10040 Release/Obj/nrf_log_str_formatter.o (isprint)
C:/Program Files/SEGGER/SEGGER Embedded Studio for ARM 3.34a/lib/libc_v7em_fpv4_sp_d16_hard_t_le_eabi.a(libc2_asm.o)
                              Output/sk6812_i2s_pca10040 Release/Obj/nrf_log_frontend.o (memcpy)
C:/Program Files/SEGGER/SEGGER Embedded Studio for ARM 3.34a/lib/libc_v7em_fpv4_sp_d16_hard_t_le_eabi.a(libc_asm.o)
                              C:/Program Files/SEGGER/SEGGER Embedded Studio for ARM 3.34a/lib/libc_v7em_fpv4_sp_d16_hard_t_le_eabi.a(libc2.o) (__aeabi_uldivmod)
C:/Program Files/SEGGER/SEGGER Embedded Studio for ARM 3.34a/lib/libdebugio_v7em_fpv4_sp_d16_hard_t_le_eabi.a(libdebugio.o)
                              Output/sk6812_i2s_pca10040 Release/Obj/thumb_crt0.o (debug_fopen)
C:/Program Files/SEGGER/SEGGER Embedded Studio for ARM 3.34a/lib/libdebugio_mempoll_v7em_fpv4_sp_d16_hard_t_le_eabi.a(mempoll_debug_operations.o)
                              C:/Program Files/SEGGER/SEGGER Embedded Studio for ARM 3.34a/lib/libdebugio_v7em_fpv4_sp_d16_hard_t_le_eabi.a(libdebugio.o) (__do_debug_operation)
C:/Program Files/SEGGER/SEGGER Embedded Studio for ARM 3.34a/lib/libdebugio_mempoll_v7em_fpv4_sp_d16_hard_t_le_eabi.a(do_nv_debug_operation.o)
                              C:/Program Files/SEGGER/SEGGER Embedded Studio for ARM 3.34a/lib/libdebugio_v7em_fpv4_sp_d16_hard_t_le_eabi.a(libdebugio.o) (__do_nvdebug_operation)
C:/Program Files/SEGGER/SEGGER Embedded Studio for ARM 3.34a/lib/libm_v7em_fpv4_sp_d16_hard_t_le_eabi.a(libm_asm.o)
                              C:/Program Files/SEGGER/SEGGER Embedded Studio for ARM 3.34a/lib/libc_v7em_fpv4_sp_d16_hard_t_le_eabi.a(libc2.o) (__aeabi_i2d)
C:/Program Files/SEGGER/SEGGER Embedded Studio for ARM 3.34a/lib/libm_v7em_fpv4_sp_d16_hard_t_le_eabi.a(libm2.o)
                              C:/Program Files/SEGGER/SEGGER Embedded Studio for ARM 3.34a/lib/libvfprintf_v7em_fpv4_sp_d16_hard_t_le_eabi.o (frexp)
C:/Program Files/SEGGER/SEGGER Embedded Studio for ARM 3.34a/lib/libm_v7em_fpv4_sp_d16_hard_t_le_eabi.a(libm2_asm.o)
                              C:/Program Files/SEGGER/SEGGER Embedded Studio for ARM 3.34a/lib/libm_v7em_fpv4_sp_d16_hard_t_le_eabi.a(libm2.o) (fabs)

Discarded input sections

 .text          0x0000000000000000        0x0 Output/sk6812_i2s_pca10040 Release/Obj/thumb_crt0.o
 .data          0x0000000000000000        0x0 Output/sk6812_i2s_pca10040 Release/Obj/thumb_crt0.o
 .bss           0x0000000000000000        0x0 Output/sk6812_i2s_pca10040 Release/Obj/thumb_crt0.o
 .text.__aeabi_read_tp
                0x0000000000000000        0x8 Output/sk6812_i2s_pca10040 Release/Obj/thumb_crt0.o
 .text.__heap_lock
                0x0000000000000000        0x2 Output/sk6812_i2s_pca10040 Release/Obj/thumb_crt0.o
 .text.__heap_unlock
                0x0000000000000000        0x2 Output/sk6812_i2s_pca10040 Release/Obj/thumb_crt0.o
 .text.__printf_lock
                0x0000000000000000        0x2 Output/sk6812_i2s_pca10040 Release/Obj/thumb_crt0.o
 .text.__printf_unlock
                0x0000000000000000        0x2 Output/sk6812_i2s_pca10040 Release/Obj/thumb_crt0.o
 .text.__scanf_lock
                0x0000000000000000        0x2 Output/sk6812_i2s_pca10040 Release/Obj/thumb_crt0.o
 .text.__scanf_unlock
                0x0000000000000000        0x2 Output/sk6812_i2s_pca10040 Release/Obj/thumb_crt0.o
 .text.__debug_io_lock
                0x0000000000000000        0x2 Output/sk6812_i2s_pca10040 Release/Obj/thumb_crt0.o
 .text.__debug_io_unlock
                0x0000000000000000        0x2 Output/sk6812_i2s_pca10040 Release/Obj/thumb_crt0.o
 .text.abort    0x0000000000000000        0x2 Output/sk6812_i2s_pca10040 Release/Obj/thumb_crt0.o
 .text.__assert
                0x0000000000000000        0x2 Output/sk6812_i2s_pca10040 Release/Obj/thumb_crt0.o
 .text.__aeabi_assert
                0x0000000000000000        0x2 Output/sk6812_i2s_pca10040 Release/Obj/thumb_crt0.o
 .text.__cxa_pure_virtual
                0x0000000000000000        0x2 Output/sk6812_i2s_pca10040 Release/Obj/thumb_crt0.o
 .text.__cxa_guard_acquire
                0x0000000000000000       0x10 Output/sk6812_i2s_pca10040 Release/Obj/thumb_crt0.o
 .text.__cxa_guard_release
                0x0000000000000000        0x6 Output/sk6812_i2s_pca10040 Release/Obj/thumb_crt0.o
 .text.__cxa_guard_abort
                0x0000000000000000        0x2 Output/sk6812_i2s_pca10040 Release/Obj/thumb_crt0.o
 .text.__sync_synchronize
                0x0000000000000000        0x2 Output/sk6812_i2s_pca10040 Release/Obj/thumb_crt0.o
 .text.__getchar
                0x0000000000000000        0x4 Output/sk6812_i2s_pca10040 Release/Obj/thumb_crt0.o
 .text.__putchar
[...]
Memory Configuration

Name             Origin             Length             Attributes
UNPLACED_SECTIONS 0x0000000100000000 0x0000000000000000 xw
RAM              0x0000000020000000 0x0000000000010000 xw
FLASH            0x0000000000000000 0x0000000000080000 xw
*default*        0x0000000000000000 0xffffffffffffffff

Linker script and memory map

                0x0000000000000000                __vfprintf = __vfprintf_long
                0x0000000000000000                __vfscanf = __vfscanf_int
                0x0000000020000000                __RAM_segment_start__ = 0x20000000
                0x0000000020010000                __RAM_segment_end__ = 0x20010000
                0x0000000000010000                __RAM_segment_size__ = 0x10000
                0x0000000000000000                __FLASH_segment_start__ = 0x0
                0x0000000000080000                __FLASH_segment_end__ = 0x80000
                0x0000000000080000                __FLASH_segment_size__ = 0x80000
                0x0000000000002000                __HEAPSIZE__ = 0x2000
                0x0000000000000000                __STACKSIZE_ABT__ = 0x0
                0x0000000000000000                __STACKSIZE_FIQ__ = 0x0
                0x0000000000000000                __STACKSIZE_IRQ__ = 0x0
                0x0000000000000000                __STACKSIZE_PROCESS__ = 0x0
                0x0000000000000000                __STACKSIZE_SVC__ = 0x0
                0x0000000000000000                __STACKSIZE_UND__ = 0x0
                0x0000000000002000                __STACKSIZE__ = 0x2000
                0x0000000020000000                __vectors_ram_load_start__ = 0x20000000

.vectors_ram    0x0000000020000000        0x0
                0x0000000020000000                __vectors_ram_start__ = .
                0x0000000020000000                __app_ram_start__ = __vectors_ram_start__
 *(.vectors_ram .vectors_ram.*)
                0x0000000020000000                __vectors_ram_end__ = (__vectors_ram_start__ + SIZEOF (.vectors_ram))
                0x0000000000000000                __vectors_ram_size__ = SIZEOF (.vectors_ram)
                0x0000000020000000                __vectors_ram_load_end__ = __vectors_ram_end__
                0x0000000000000001                . = ASSERT (((__vectors_ram_start__ == __vectors_ram_end__) || ((__vectors_ram_end__ >= __RAM_segment_start__) && (__vectors_ram_end__ <= __RAM_segment_end__))), error: .vectors_ram is too large to fit in RAM memory segment)
                0x0000000020000000                __nrf_sections_run_load_start__ = ALIGN (__vectors_ram_end__, 0x4)

.nrf_sections_run
                0x0000000020000000        0x0
                0x0000000020000000                __nrf_sections_run_start__ = .
                0x0000000020000000                __start_nrf_sections_run = __nrf_sections_run_start__
 *(.nrf_sections_run .nrf_sections_run.*)
                0x0000000020000000                __nrf_sections_run_end__ = (__nrf_sections_run_start__ + SIZEOF (.nrf_sections_run))
                0x0000000000000000                __nrf_sections_run_size__ = SIZEOF (.nrf_sections_run)
                0x0000000020000000                __nrf_sections_run_load_end__ = __nrf_sections_run_end__
                0x0000000000000001                . = ASSERT (((__nrf_sections_run_start__ == __nrf_sections_run_end__) || ((__nrf_sections_run_end__ >= __RAM_segment_start__) && (__nrf_sections_run_end__ <= __RAM_segment_end__))), error: .nrf_sections_run is too large to fit in RAM memory segment)
                0x0000000000000000                __vectors_load_start__ = 0x0

.vectors        0x0000000000000000       0xdc
                0x0000000000000000                __vectors_start__ = .
 *(.vectors .vectors.*)
 .vectors       0x0000000000000000       0xdc Output/sk6812_i2s_pca10040 Release/Obj/ses_nrf52_Vectors.o
                0x0000000000000000                _vectors
                0x00000000000000dc                __vectors_end__ = (__vectors_start__ + SIZEOF (.vectors))
                0x00000000000000dc                __vectors_size__ = SIZEOF (.vectors)
                0x00000000000000dc                __vectors_load_end__ = __vectors_end__
                0x0000000000000001                . = ASSERT (((__vectors_start__ == __vectors_end__) || ((__vectors_end__ >= __FLASH_segment_start__) && (__vectors_end__ <= __FLASH_segment_end__))), error: .vectors is too large to fit in FLASH memory segment)
                0x00000000000000dc                __init_load_start__ = ALIGN (__vectors_end__, 0x4)

.init           0x00000000000000dc      0x218
                0x00000000000000dc                __init_start__ = .
 *(.init .init.*)
 .init          0x00000000000000dc      0x160 Output/sk6812_i2s_pca10040 Release/Obj/thumb_crt0.o
                0x00000000000000dc                _start
                0x0000000000000192                exit
 .init          0x000000000000023c       0x58 Output/sk6812_i2s_pca10040 Release/Obj/ses_nRF_Startup.o
                0x000000000000023c                Reset_Handler
                0x0000000000000260                InitializeUserMemorySections
 .init          0x0000000000000294       0x60 Output/sk6812_i2s_pca10040 Release/Obj/ses_nrf52_Vectors.o
                0x0000000000000294                NMI_Handler
                0x0000000000000296                HardFault_Handler
                0x0000000000000298                MemoryManagement_Handler
                0x000000000000029a                BusFault_Handler
                0x000000000000029c                UsageFault_Handler
                0x000000000000029e                SVC_Handler
                0x00000000000002a0                DebugMon_Handler
                0x00000000000002a2                PendSV_Handler
                0x00000000000002a4                SysTick_Handler
                0x00000000000002a8                POWER_CLOCK_IRQHandler
                0x00000000000002aa                RADIO_IRQHandler
                0x00000000000002ae                SPIM0_SPIS0_TWIM0_TWIS0_SPI0_TWI0_IRQHandler
                0x00000000000002b0                SPIM1_SPIS1_TWIM1_TWIS1_SPI1_TWI1_IRQHandler
                0x00000000000002b2                NFCT_IRQHandler
                0x00000000000002b4                GPIOTE_IRQHandler
                0x00000000000002b6                SAADC_IRQHandler
                0x00000000000002b8                TIMER0_IRQHandler
                0x00000000000002ba                TIMER1_IRQHandler
                0x00000000000002bc                TIMER2_IRQHandler
                0x00000000000002be                RTC0_IRQHandler
                0x00000000000002c0                TEMP_IRQHandler
                0x00000000000002c2                RNG_IRQHandler
                0x00000000000002c4                ECB_IRQHandler
                0x00000000000002c6                CCM_AAR_IRQHandler
                0x00000000000002c8                WDT_IRQHandler
                0x00000000000002ca                RTC1_IRQHandler
                0x00000000000002cc                QDEC_IRQHandler
                0x00000000000002ce                COMP_LPCOMP_IRQHandler
                0x00000000000002d0                SWI0_EGU0_IRQHandler
                0x00000000000002d2                SWI1_EGU1_IRQHandler
                0x00000000000002d4                SWI2_EGU2_IRQHandler
                0x00000000000002d6                SWI3_EGU3_IRQHandler
                0x00000000000002d8                SWI4_EGU4_IRQHandler
                0x00000000000002da                SWI5_EGU5_IRQHandler
                0x00000000000002dc                TIMER3_IRQHandler
                0x00000000000002de                TIMER4_IRQHandler
                0x00000000000002e0                PWM0_IRQHandler
                0x00000000000002e2                PDM_IRQHandler
                0x00000000000002e4                MWU_IRQHandler
                0x00000000000002e6                PWM1_IRQHandler
                0x00000000000002e8                PWM2_IRQHandler
                0x00000000000002ea                SPIM2_SPIS2_SPI2_IRQHandler
                0x00000000000002ec                RTC2_IRQHandler
                0x00000000000002f0                FPU_IRQHandler
                0x00000000000002f4                __init_end__ = (__init_start__ + SIZEOF (.init))
                0x0000000000000218                __init_size__ = SIZEOF (.init)
                0x00000000000002f4                __init_load_end__ = __init_end__
                0x0000000000000001                . = ASSERT (((__init_start__ == __init_end__) || ((__init_end__ >= __FLASH_segment_start__) && (__init_end__ <= __FLASH_segment_end__))), error: .init is too large to fit in FLASH memory segment)
                0x00000000000002f4                __init_rodata_load_start__ = ALIGN (__init_end__, 0x4)

.init_rodata    0x00000000000002f4        0x0
                0x00000000000002f4                __init_rodata_start__ = .
 *(.init_rodata .init_rodata.*)
                0x00000000000002f4                __init_rodata_end__ = (__init_rodata_start__ + SIZEOF (.init_rodata))
                0x0000000000000000                __init_rodata_size__ = SIZEOF (.init_rodata)
                0x00000000000002f4                __init_rodata_load_end__ = __init_rodata_end__
                0x0000000000000001                . = ASSERT (((__init_rodata_start__ == __init_rodata_end__) || ((__init_rodata_end__ >= __FLASH_segment_start__) && (__init_rodata_end__ <= __FLASH_segment_end__))), error: .init_rodata is too large to fit in FLASH memory segment)
                0x00000000000002f4                __text_load_start__ = ALIGN (__init_rodata_end__, 0x4)

.text           0x00000000000002f4     0x26f4
                0x00000000000002f4                __text_start__ = .
 *(.text .text.* .glue_7t .glue_7 .gnu.linkonce.t.* .gcc_except_table .ARM.extab* .gnu.linkonce.armextab.*)
 .glue_7        0x00000000000002f4        0x0 linker stubs
 .glue_7t       0x00000000000002f4        0x0 linker stubs
 .text.nrf_log_backend_serial_put
                0x00000000000002f4       0xce Output/sk6812_i2s_pca10040 Release/Obj/nrf_log_backend_serial.o
                0x00000000000002f4                nrf_log_backend_serial_put
 *fill*         0x00000000000003c2        0x2 
 .text.uart_evt_handler
                0x00000000000003c4        0xc Output/sk6812_i2s_pca10040 Release/Obj/nrf_log_backend_uart.o
 .text.nrf_log_backend_uart_flush
                0x00000000000003d0        0x2 Output/sk6812_i2s_pca10040 Release/Obj/nrf_log_backend_uart.o
 *fill*         0x00000000000003d2        0x2 
 .text.uart_init
                0x00000000000003d4       0x4c Output/sk6812_i2s_pca10040 Release/Obj/nrf_log_backend_uart.o
 .text.nrf_log_backend_uart_put
                0x0000000000000420       0x1c Output/sk6812_i2s_pca10040 Release/Obj/nrf_log_backend_uart.o
 .text.serial_tx
                0x000000000000043c       0x48 Output/sk6812_i2s_pca10040 Release/Obj/nrf_log_backend_uart.o
 .text.nrf_log_backend_uart_panic_set
                0x0000000000000484       0x2c Output/sk6812_i2s_pca10040 Release/Obj/nrf_log_backend_uart.o
 .text.nrf_log_backend_uart_init
                0x00000000000004b0        0x6 Output/sk6812_i2s_pca10040 Release/Obj/nrf_log_backend_uart.o
                0x00000000000004b0                nrf_log_backend_uart_init
 *fill*         0x00000000000004b6        0x2 
 .text.nrf_log_default_backends_init
                0x00000000000004b8       0x1c Output/sk6812_i2s_pca10040 Release/Obj/nrf_log_default_backends.o
                0x00000000000004b8                nrf_log_default_backends_init
 .text.invalid_packets_pushed_str_omit
                0x00000000000004d4       0x56 Output/sk6812_i2s_pca10040 Release/Obj/nrf_log_frontend.o
 *fill*         0x000000000000052a        0x2 
 .text.buf_prealloc
                0x000000000000052c      0x130 Output/sk6812_i2s_pca10040 Release/Obj/nrf_log_frontend.o
 .text.nrf_log_init
                0x000000000000065c       0x50 Output/sk6812_i2s_pca10040 Release/Obj/nrf_log_frontend.o
                0x000000000000065c                nrf_log_init
 .text.nrf_log_module_name_get
                0x00000000000006ac       0x3c Output/sk6812_i2s_pca10040 Release/Obj/nrf_log_frontend.o
                0x00000000000006ac                nrf_log_module_name_get
 .text.nrf_log_color_id_get
                0x00000000000006e8       0x2c Output/sk6812_i2s_pca10040 Release/Obj/nrf_log_frontend.o
                0x00000000000006e8                nrf_log_color_id_get
 .text.buffer_is_empty
                0x0000000000000714       0x14 Output/sk6812_i2s_pca10040 Release/Obj/nrf_log_frontend.o
                0x0000000000000714                buffer_is_empty
 .text.nrf_log_frontend_dequeue
                0x0000000000000728      0x20c Output/sk6812_i2s_pca10040 Release/Obj/nrf_log_frontend.o
                0x0000000000000728                nrf_log_frontend_dequeue
 .text.std_n    0x0000000000000934       0xb0 Output/sk6812_i2s_pca10040 Release/Obj/nrf_log_frontend.o
 .text.nrf_log_frontend_std_0
                0x00000000000009e4        0x8 Output/sk6812_i2s_pca10040 Release/Obj/nrf_log_frontend.o
                0x00000000000009e4                nrf_log_frontend_std_0
 .text.nrf_log_backend_add
                0x00000000000009ec       0x44 Output/sk6812_i2s_pca10040 Release/Obj/nrf_log_frontend.o
                0x00000000000009ec                nrf_log_backend_add
 .text.nrf_log_panic
                0x0000000000000a30       0x28 Output/sk6812_i2s_pca10040 Release/Obj/nrf_log_frontend.o
                0x0000000000000a30                nrf_log_panic
 .text.prefix_process
                0x0000000000000a58       0x78 Output/sk6812_i2s_pca10040 Release/Obj/nrf_log_str_formatter.o
 .text.postfix_process
                0x0000000000000ad0       0x3c Output/sk6812_i2s_pca10040 Release/Obj/nrf_log_str_formatter.o
 .text.nrf_log_std_entry_process
                0x0000000000000b0c       0xc8 Output/sk6812_i2s_pca10040 Release/Obj/nrf_log_str_formatter.o
                0x0000000000000b0c                nrf_log_std_entry_process
 .text.nrf_log_hexdump_entry_process
                0x0000000000000bd4       0xac Output/sk6812_i2s_pca10040 Release/Obj/nrf_log_str_formatter.o
                0x0000000000000bd4                nrf_log_hexdump_entry_process
 .text.app_error_handler_bare
                0x0000000000000c80       0x1a Output/sk6812_i2s_pca10040 Release/Obj/app_error.o
                0x0000000000000c80                app_error_handler_bare
 *fill*         0x0000000000000c9a        0x2 
 .text.app_error_fault_handler
                0x0000000000000c9c       0x6c Output/sk6812_i2s_pca10040 Release/Obj/app_error_weak.o
                0x0000000000000c9c                app_error_fault_handler
 .text.app_util_disable_irq
                0x0000000000000d08       0x10 Output/sk6812_i2s_pca10040 Release/Obj/app_util_platform.o
                0x0000000000000d08                app_util_disable_irq
 .text.app_util_enable_irq
                0x0000000000000d18       0x14 Output/sk6812_i2s_pca10040 Release/Obj/app_util_platform.o
                0x0000000000000d18                app_util_enable_irq
 .text.app_util_critical_region_enter
                0x0000000000000d2c        0x4 Output/sk6812_i2s_pca10040 Release/Obj/app_util_platform.o
                0x0000000000000d2c                app_util_critical_region_enter
 .text.app_util_critical_region_exit
                0x0000000000000d30        0x4 Output/sk6812_i2s_pca10040 Release/Obj/app_util_platform.o
                0x0000000000000d30                app_util_critical_region_exit
 .text.nrf_atomic_u32_fetch_store
                0x0000000000000d34       0x18 Output/sk6812_i2s_pca10040 Release/Obj/nrf_atomic.o
                0x0000000000000d34                nrf_atomic_u32_fetch_store
 .text.nrf_atomic_u32_or
                0x0000000000000d4c       0x1a Output/sk6812_i2s_pca10040 Release/Obj/nrf_atomic.o
                0x0000000000000d4c                nrf_atomic_u32_or
 .text.nrf_atomic_u32_fetch_and
                0x0000000000000d66       0x1a Output/sk6812_i2s_pca10040 Release/Obj/nrf_atomic.o
                0x0000000000000d66                nrf_atomic_u32_fetch_and
 .text.nrf_atomic_u32_add
                0x0000000000000d80       0x1a Output/sk6812_i2s_pca10040 Release/Obj/nrf_atomic.o
                0x0000000000000d80                nrf_atomic_u32_add
 .text.nrf_atomic_u32_sub
                0x0000000000000d9a       0x1a Output/sk6812_i2s_pca10040 Release/Obj/nrf_atomic.o
                0x0000000000000d9a                nrf_atomic_u32_sub
 .text.nrf_atomic_flag_set
                0x0000000000000db4        0x6 Output/sk6812_i2s_pca10040 Release/Obj/nrf_atomic.o
                0x0000000000000db4                nrf_atomic_flag_set
 .text.nrf_atomic_flag_clear_fetch
                0x0000000000000dba        0x6 Output/sk6812_i2s_pca10040 Release/Obj/nrf_atomic.o
                0x0000000000000dba                nrf_atomic_flag_clear_fetch
 .text.nrf_balloc_init
                0x0000000000000dc0       0x2e Output/sk6812_i2s_pca10040 Release/Obj/nrf_balloc.o
                0x0000000000000dc0                nrf_balloc_init
 .text.nrf_balloc_alloc
                0x0000000000000dee       0x40 Output/sk6812_i2s_pca10040 Release/Obj/nrf_balloc.o
                0x0000000000000dee                nrf_balloc_alloc
 .text.nrf_balloc_free
                0x0000000000000e2e       0x2a Output/sk6812_i2s_pca10040 Release/Obj/nrf_balloc.o
                0x0000000000000e2e                nrf_balloc_free
 .text.nrf_fprintf_buffer_flush
                0x0000000000000e58       0x16 Output/sk6812_i2s_pca10040 Release/Obj/nrf_fprintf.o
                0x0000000000000e58                nrf_fprintf_buffer_flush
 .text.nrf_fprintf
                0x0000000000000e6e       0x1e Output/sk6812_i2s_pca10040 Release/Obj/nrf_fprintf.o
                0x0000000000000e6e                nrf_fprintf
 .text.buffer_add
                0x0000000000000e8c       0x1e Output/sk6812_i2s_pca10040 Release/Obj/nrf_fprintf_format.o
 *fill*         0x0000000000000eaa        0x2 
 .text.unsigned_print
                0x0000000000000eac       0xb0 Output/sk6812_i2s_pca10040 Release/Obj/nrf_fprintf_format.o
 .text.nrf_fprintf_fmt
                0x0000000000000f5c      0x280 Output/sk6812_i2s_pca10040 Release/Obj/nrf_fprintf_format.o
                0x0000000000000f5c                nrf_fprintf_fmt
 .text.nrf_memobj_pool_init
                0x00000000000011dc        0x4 Output/sk6812_i2s_pca10040 Release/Obj/nrf_memobj.o
                0x00000000000011dc                nrf_memobj_pool_init
 .text.nrf_memobj_free
                0x00000000000011e0       0x2c Output/sk6812_i2s_pca10040 Release/Obj/nrf_memobj.o
                0x00000000000011e0                nrf_memobj_free
 .text.nrf_memobj_alloc
                0x000000000000120c       0x62 Output/sk6812_i2s_pca10040 Release/Obj/nrf_memobj.o
                0x000000000000120c                nrf_memobj_alloc
 .text.nrf_memobj_get
                0x000000000000126e        0x8 Output/sk6812_i2s_pca10040 Release/Obj/nrf_memobj.o
                0x000000000000126e                nrf_memobj_get
 .text.nrf_memobj_put
                0x0000000000001276       0x1e Output/sk6812_i2s_pca10040 Release/Obj/nrf_memobj.o
                0x0000000000001276                nrf_memobj_put
 .text.nrf_memobj_write
                0x0000000000001294       0x56 Output/sk6812_i2s_pca10040 Release/Obj/nrf_memobj.o
                0x0000000000001294                nrf_memobj_write
 .text.nrf_memobj_read
                0x00000000000012ea       0x54 Output/sk6812_i2s_pca10040 Release/Obj/nrf_memobj.o
                0x00000000000012ea                nrf_memobj_read
 *fill*         0x000000000000133e        0x2 
 .text.uarte_evt_handler
                0x0000000000001340       0x34 Output/sk6812_i2s_pca10040 Release/Obj/nrf_drv_uart.o
 .text.uart_evt_handler
                0x0000000000001374       0x34 Output/sk6812_i2s_pca10040 Release/Obj/nrf_drv_uart.o
 .text.nrf_drv_uart_init
                0x00000000000013a8       0x7c Output/sk6812_i2s_pca10040 Release/Obj/nrf_drv_uart.o
                0x00000000000013a8                nrf_drv_uart_init
 .text.nrfx_i2s_init
                0x0000000000001424      0x138 Output/sk6812_i2s_pca10040 Release/Obj/nrfx_i2s.o
                0x0000000000001424                nrfx_i2s_init
 .text.nrfx_i2s_start
                0x000000000000155c       0xf4 Output/sk6812_i2s_pca10040 Release/Obj/nrfx_i2s.o
                0x000000000000155c                nrfx_i2s_start
 .text.nrfx_i2s_stop
                0x0000000000001650       0x20 Output/sk6812_i2s_pca10040 Release/Obj/nrfx_i2s.o
                0x0000000000001650                nrfx_i2s_stop
 .text.nrfx_i2s_uninit
                0x0000000000001670       0x3c Output/sk6812_i2s_pca10040 Release/Obj/nrfx_i2s.o
                0x0000000000001670                nrfx_i2s_uninit
 .text.I2S_IRQHandler
                0x00000000000016ac      0x104 Output/sk6812_i2s_pca10040 Release/Obj/nrfx_i2s.o
                0x00000000000016ac                I2S_IRQHandler
 .text.UARTE0_UART0_IRQHandler
                0x00000000000017b0        0xc Output/sk6812_i2s_pca10040 Release/Obj/nrfx_prs.o
                0x00000000000017b0                UARTE0_UART0_IRQHandler
 .text.nrfx_prs_acquire
                0x00000000000017bc       0x34 Output/sk6812_i2s_pca10040 Release/Obj/nrfx_prs.o
                0x00000000000017bc                nrfx_prs_acquire
 .text.nrfx_prs_release
                0x00000000000017f0       0x18 Output/sk6812_i2s_pca10040 Release/Obj/nrfx_prs.o
                0x00000000000017f0                nrfx_prs_release
 .text.nrf_uart_event_clear
                0x0000000000001808       0x10 Output/sk6812_i2s_pca10040 Release/Obj/nrfx_uart.o
 .text.tx_byte  0x0000000000001818       0x1e Output/sk6812_i2s_pca10040 Release/Obj/nrfx_uart.o
 .text.rx_byte  0x0000000000001836       0x2c Output/sk6812_i2s_pca10040 Release/Obj/nrfx_uart.o
 *fill*         0x0000000000001862        0x2 
 .text.rx_done_event.constprop.8
                0x0000000000001864       0x20 Output/sk6812_i2s_pca10040 Release/Obj/nrfx_uart.o
 .text.nrfx_uart_0_irq_handler
                0x0000000000001884      0x140 Output/sk6812_i2s_pca10040 Release/Obj/nrfx_uart.o
                0x0000000000001884                nrfx_uart_0_irq_handler
 .text.nrfx_uart_init
                0x00000000000019c4      0x184 Output/sk6812_i2s_pca10040 Release/Obj/nrfx_uart.o
                0x00000000000019c4                nrfx_uart_init
 .text.nrfx_uart_uninit
                0x0000000000001b48       0xc8 Output/sk6812_i2s_pca10040 Release/Obj/nrfx_uart.o
                0x0000000000001b48                nrfx_uart_uninit
 .text.nrfx_uart_tx
                0x0000000000001c10       0x98 Output/sk6812_i2s_pca10040 Release/Obj/nrfx_uart.o
                0x0000000000001c10                nrfx_uart_tx
 .text.nrf_uarte_event_clear
                0x0000000000001ca8       0x10 Output/sk6812_i2s_pca10040 Release/Obj/nrfx_uarte.o
 .text.rx_done_event.constprop.7
                0x0000000000001cb8       0x24 Output/sk6812_i2s_pca10040 Release/Obj/nrfx_uarte.o
 .text.nrfx_uarte_0_irq_handler
                0x0000000000001cdc       0xec Output/sk6812_i2s_pca10040 Release/Obj/nrfx_uarte.o
                0x0000000000001cdc                nrfx_uarte_0_irq_handler
 .text.nrfx_uarte_init
                0x0000000000001dc8      0x194 Output/sk6812_i2s_pca10040 Release/Obj/nrfx_uarte.o
                0x0000000000001dc8                nrfx_uarte_init
 .text.nrfx_uarte_uninit
                0x0000000000001f5c       0xc8 Output/sk6812_i2s_pca10040 Release/Obj/nrfx_uarte.o
                0x0000000000001f5c                nrfx_uarte_uninit
 .text.nrfx_uarte_tx
                0x0000000000002024       0x8c Output/sk6812_i2s_pca10040 Release/Obj/nrfx_uarte.o
                0x0000000000002024                nrfx_uarte_tx
 .text.data_handler
                0x00000000000020b0        0xe Output/sk6812_i2s_pca10040 Release/Obj/main.o
                0x00000000000020b0                data_handler
 *fill*         0x00000000000020be        0x2 
 .text.nrf_delay_ms
                0x00000000000020c0       0x1c Output/sk6812_i2s_pca10040 Release/Obj/main.o
 .text.sk6812_i2s_init_mem
                0x00000000000020dc       0x24 Output/sk6812_i2s_pca10040 Release/Obj/main.o
                0x00000000000020dc                sk6812_i2s_init_mem
 .text.sk6812_i2s_init
                0x0000000000002100       0x54 Output/sk6812_i2s_pca10040 Release/Obj/main.o
                0x0000000000002100                sk6812_i2s_init
 .text.convert_byte_to_i2s_bits
                0x0000000000002154       0x24 Output/sk6812_i2s_pca10040 Release/Obj/main.o
                0x0000000000002154                convert_byte_to_i2s_bits
 .text.set_i2s_led_data
                0x0000000000002178       0x38 Output/sk6812_i2s_pca10040 Release/Obj/main.o
                0x0000000000002178                set_i2s_led_data
 .text.send_i2s_led_data
                0x00000000000021b0       0x34 Output/sk6812_i2s_pca10040 Release/Obj/main.o
                0x00000000000021b0                send_i2s_led_data
 .text.clear_leds
                0x00000000000021e4       0x18 Output/sk6812_i2s_pca10040 Release/Obj/main.o
                0x00000000000021e4                clear_leds
 .text.color_wipe
                0x00000000000021fc       0x3c Output/sk6812_i2s_pca10040 Release/Obj/main.o
                0x00000000000021fc                color_wipe
 .text.wheel    0x0000000000002238       0x7c Output/sk6812_i2s_pca10040 Release/Obj/main.o
                0x0000000000002238                wheel
 .text.rainbow  0x00000000000022b4       0x58 Output/sk6812_i2s_pca10040 Release/Obj/main.o
                0x00000000000022b4                rainbow
 .text.rainbow_cycle
                0x000000000000230c       0x58 Output/sk6812_i2s_pca10040 Release/Obj/main.o
                0x000000000000230c                rainbow_cycle
 .text.theater_chase
                0x0000000000002364       0x90 Output/sk6812_i2s_pca10040 Release/Obj/main.o
                0x0000000000002364                theater_chase
 .text.theater_chase_rainbow
                0x00000000000023f4       0xa8 Output/sk6812_i2s_pca10040 Release/Obj/main.o
                0x00000000000023f4                theater_chase_rainbow
 .text.startup.main
                0x000000000000249c       0x9c Output/sk6812_i2s_pca10040 Release/Obj/main.o
                0x000000000000249c                main
 .text.errata_57
                0x0000000000002538       0x34 Output/sk6812_i2s_pca10040 Release/Obj/system_nrf52.o
 .text.errata_136
                0x000000000000256c       0x40 Output/sk6812_i2s_pca10040 Release/Obj/system_nrf52.o
 .text.SystemInit
                0x00000000000025ac      0x264 Output/sk6812_i2s_pca10040 Release/Obj/system_nrf52.o
                0x00000000000025ac                SystemInit
 .text.libc.__RAL_ascii_isctype
                0x0000000000002810       0x1c C:/Program Files/SEGGER/SEGGER Embedded Studio for ARM 3.34a/lib/libc_v7em_fpv4_sp_d16_hard_t_le_eabi.a(libc2.o)
 .text.libc.__RAL_ascii_toupper
                0x000000000000282c        0xc C:/Program Files/SEGGER/SEGGER Embedded Studio for ARM 3.34a/lib/libc_v7em_fpv4_sp_d16_hard_t_le_eabi.a(libc2.o)
 .text.libc.__RAL_ascii_tolower
                0x0000000000002838        0xc C:/Program Files/SEGGER/SEGGER Embedded Studio for ARM 3.34a/lib/libc_v7em_fpv4_sp_d16_hard_t_le_eabi.a(libc2.o)
 .text.libc.__RAL_ascii_iswctype
                0x0000000000002844       0x1c C:/Program Files/SEGGER/SEGGER Embedded Studio for ARM 3.34a/lib/libc_v7em_fpv4_sp_d16_hard_t_le_eabi.a(libc2.o)
 .text.libc.__RAL_ascii_towupper
                0x0000000000002860        0xc C:/Program Files/SEGGER/SEGGER Embedded Studio for ARM 3.34a/lib/libc_v7em_fpv4_sp_d16_hard_t_le_eabi.a(libc2.o)
 .text.libc.__RAL_ascii_towlower
                0x000000000000286c        0xc C:/Program Files/SEGGER/SEGGER Embedded Studio for ARM 3.34a/lib/libc_v7em_fpv4_sp_d16_hard_t_le_eabi.a(libc2.o)
 .text.libc.__RAL_ascii_wctomb
                0x0000000000002878        0xe C:/Program Files/SEGGER/SEGGER Embedded Studio for ARM 3.34a/lib/libc_v7em_fpv4_sp_d16_hard_t_le_eabi.a(libc2.o)
                0x0000000000002878                __RAL_ascii_wctomb
 .text.libc.__RAL_ascii_mbtowc
                0x0000000000002886       0x24 C:/Program Files/SEGGER/SEGGER Embedded Studio for ARM 3.34a/lib/libc_v7em_fpv4_sp_d16_hard_t_le_eabi.a(libc2.o)
                0x0000000000002886                __RAL_ascii_mbtowc
 *fill*         0x00000000000028aa        0x2 
 .text.libc.__RAL_isctype
                0x00000000000028ac       0x14 C:/Program Files/SEGGER/SEGGER Embedded Studio for ARM 3.34a/lib/libc_v7em_fpv4_sp_d16_hard_t_le_eabi.a(libc2.o)
                0x00000000000028ac                __RAL_isctype
 .text.libc.isprint
                0x00000000000028c0        0xa C:/Program Files/SEGGER/SEGGER Embedded Studio for ARM 3.34a/lib/libc_v7em_fpv4_sp_d16_hard_t_le_eabi.a(libc2.o)
                0x00000000000028c0                isprint
 *fill*         0x00000000000028ca        0x2 
 .text.libc.memcpy
                0x00000000000028cc       0x54 C:/Program Files/SEGGER/SEGGER Embedded Studio for ARM 3.34a/lib/libc_v7em_fpv4_sp_d16_hard_t_le_eabi.a(libc2_asm.o)
                0x00000000000028cc                __aeabi_memcpy
                0x00000000000028cc                memcpy
                0x00000000000028d8                __aeabi_memcpy8
                0x00000000000028d8                __aeabi_memcpy4
 .text.libc.memset
                0x0000000000002920       0x68 C:/Program Files/SEGGER/SEGGER Embedded Studio for ARM 3.34a/lib/libc_v7em_fpv4_sp_d16_hard_t_le_eabi.a(libc2_asm.o)
                0x0000000000002920                memset
 .text.libc.strlen
                0x0000000000002988       0x60 C:/Program Files/SEGGER/SEGGER Embedded Studio for ARM 3.34a/lib/libc_v7em_fpv4_sp_d16_hard_t_le_eabi.a(libc2_asm.o)
                0x0000000000002988                strlen
                0x00000000000029e8                __text_end__ = (__text_start__ + SIZEOF (.text))
                0x00000000000026f4                __text_size__ = SIZEOF (.text)
                0x00000000000029e8                __text_load_end__ = __text_end__

.vfp11_veneer   0x0000000100000000        0x0
 .vfp11_veneer  0x0000000100000000        0x0 linker stubs

.v4_bx          0x0000000100000000        0x0
 .v4_bx         0x0000000100000000        0x0 linker stubs

.iplt           0x0000000100000000        0x0
 .iplt          0x0000000100000000        0x0 Output/sk6812_i2s_pca10040 Release/Obj/thumb_crt0.o
                0x0000000000000001                . = ASSERT (((__text_start__ == __text_end__) || ((__text_end__ >= __FLASH_segment_start__) && (__text_end__ <= __FLASH_segment_end__))), error: .text is too large to fit in FLASH memory segment)
                0x00000000000029e8                __log_const_data_load_start__ = ALIGN (__text_end__, 0x4)

.log_const_data
                0x00000000000029e8       0x30
                0x00000000000029e8                __log_const_data_start__ = .
                0x00000000000029e8                __start_log_const_data = __log_const_data_start__
 *(SORT(.log_const_data*))
 .log_const_data_I2S
                0x00000000000029e8        0x8 Output/sk6812_i2s_pca10040 Release/Obj/nrfx_i2s.o
                0x00000000000029e8                m_nrf_log_I2S_logs_data_const
 .log_const_data_PRS
                0x00000000000029f0        0x8 Output/sk6812_i2s_pca10040 Release/Obj/nrfx_prs.o
                0x00000000000029f0                m_nrf_log_PRS_logs_data_const
 .log_const_data_UART
                0x00000000000029f8        0x8 Output/sk6812_i2s_pca10040 Release/Obj/nrfx_uart.o
                0x00000000000029f8                m_nrf_log_UART_logs_data_const
 .log_const_data_UARTE
                0x0000000000002a00        0x8 Output/sk6812_i2s_pca10040 Release/Obj/nrfx_uarte.o
                0x0000000000002a00                m_nrf_log_UARTE_logs_data_const
 .log_const_data_app
                0x0000000000002a08        0x8 Output/sk6812_i2s_pca10040 Release/Obj/nrf_log_frontend.o
                0x0000000000002a08                m_nrf_log_app_logs_data_const
 .log_const_data_balloc_log_mempool
                0x0000000000002a10        0x8 Output/sk6812_i2s_pca10040 Release/Obj/nrf_log_frontend.o
                0x0000000000002a10                m_nrf_log_balloc_log_mempool_logs_data_const
                0x0000000000002a18                __log_const_data_end__ = (__log_const_data_start__ + SIZEOF (.log_const_data))
                0x0000000000000030                __log_const_data_size__ = SIZEOF (.log_const_data)
                0x0000000000002a18                __stop_log_const_data = __log_const_data_end__
                0x0000000000002a18                __log_const_data_load_end__ = __log_const_data_end__
                0x0000000000000001                . = ASSERT (((__log_const_data_start__ == __log_const_data_end__) || ((__log_const_data_end__ >= __FLASH_segment_start__) && (__log_const_data_end__ <= __FLASH_segment_end__))), error: .log_const_data is too large to fit in FLASH memory segment)
                0x0000000000002a18                __nrf_balloc_load_start__ = ALIGN (__log_const_data_end__, 0x4)

.nrf_balloc     0x0000000000002a18       0x18
                0x0000000000002a18                __nrf_balloc_start__ = .
                0x0000000000002a18                __start_nrf_balloc = __nrf_balloc_start__
 *(.nrf_balloc*)
 .nrf_balloc    0x0000000000002a18       0x18 Output/sk6812_i2s_pca10040 Release/Obj/nrf_log_frontend.o
                0x0000000000002a18                log_mempool
                0x0000000000002a30                __nrf_balloc_end__ = (__nrf_balloc_start__ + SIZEOF (.nrf_balloc))
                0x0000000000000018                __nrf_balloc_size__ = SIZEOF (.nrf_balloc)
                0x0000000000002a30                __stop_nrf_balloc = __nrf_balloc_end__
                0x0000000000002a30                __nrf_balloc_load_end__ = __nrf_balloc_end__
                0x0000000000000001                . = ASSERT (((__nrf_balloc_start__ == __nrf_balloc_end__) || ((__nrf_balloc_end__ >= __FLASH_segment_start__) && (__nrf_balloc_end__ <= __FLASH_segment_end__))), error: .nrf_balloc is too large to fit in FLASH memory segment)
                0x0000000000002a30                __nrf_sections_load_start__ = ALIGN (__nrf_balloc_end__, 0x4)

.nrf_sections   0x0000000000002a30        0x0
                0x0000000000002a30                __nrf_sections_start__ = .
                0x0000000000002a30                __start_nrf_sections = __nrf_sections_start__
 *(.nrf_sections .nrf_sections.*)
                0x0000000000002a30                __nrf_sections_end__ = (__nrf_sections_start__ + SIZEOF (.nrf_sections))
                0x0000000000000000                __nrf_sections_size__ = SIZEOF (.nrf_sections)
                0x0000000000002a30                __nrf_sections_load_end__ = __nrf_sections_end__
                0x0000000000000001                . = ASSERT (((__nrf_sections_start__ == __nrf_sections_end__) || ((__nrf_sections_end__ >= __FLASH_segment_start__) && (__nrf_sections_end__ <= __FLASH_segment_end__))), error: .nrf_sections is too large to fit in FLASH memory segment)
                0x0000000000002a30                __log_dynamic_data_load_start__ = ALIGN (__nrf_sections_end__, 0x4)

.log_dynamic_data
                0x0000000020000000       0x18 load address 0x0000000000002a30
                0x0000000020000000                __log_dynamic_data_start__ = .
 *(SORT(.log_dynamic_data*))
 .log_dynamic_data_I2S
                0x0000000020000000        0x4 Output/sk6812_i2s_pca10040 Release/Obj/nrfx_i2s.o
                0x0000000020000000                m_nrf_log_I2S_logs_data_dynamic
 .log_dynamic_data_PRS
                0x0000000020000004        0x4 Output/sk6812_i2s_pca10040 Release/Obj/nrfx_prs.o
                0x0000000020000004                m_nrf_log_PRS_logs_data_dynamic
 .log_dynamic_data_UART
                0x0000000020000008        0x4 Output/sk6812_i2s_pca10040 Release/Obj/nrfx_uart.o
                0x0000000020000008                m_nrf_log_UART_logs_data_dynamic
 .log_dynamic_data_UARTE
                0x000000002000000c        0x4 Output/sk6812_i2s_pca10040 Release/Obj/nrfx_uarte.o
                0x000000002000000c                m_nrf_log_UARTE_logs_data_dynamic
 .log_dynamic_data_app
                0x0000000020000010        0x4 Output/sk6812_i2s_pca10040 Release/Obj/nrf_log_frontend.o
                0x0000000020000010                m_nrf_log_app_logs_data_dynamic
 .log_dynamic_data_balloc_log_mempool
                0x0000000020000014        0x4 Output/sk6812_i2s_pca10040 Release/Obj/nrf_log_frontend.o
                0x0000000020000014                m_nrf_log_balloc_log_mempool_logs_data_dynamic
                0x0000000020000018                __log_dynamic_data_end__ = (__log_dynamic_data_start__ + SIZEOF (.log_dynamic_data))
                0x0000000000000018                __log_dynamic_data_size__ = SIZEOF (.log_dynamic_data)
                0x0000000000002a48                __log_dynamic_data_load_end__ = (__log_dynamic_data_load_start__ + SIZEOF (.log_dynamic_data))
                0x0000000000000001                . = ASSERT (((__log_dynamic_data_load_start__ == __log_dynamic_data_load_end__) || ((__log_dynamic_data_load_end__ >= __FLASH_segment_start__) && (__log_dynamic_data_load_end__ <= __FLASH_segment_end__))), error: .log_dynamic_data is too large to fit in FLASH memory segment)

.log_dynamic_data_run
                0x0000000020000000       0x18 load address 0x0000000000002a30
                0x0000000020000000                __log_dynamic_data_run_start__ = .
                0x0000000020000000                __start_log_dynamic_data = __log_dynamic_data_run_start__
                0x0000000020000018                . = MAX ((__log_dynamic_data_run_start__ + SIZEOF (.log_dynamic_data)), .)
 *fill*         0x0000000020000000       0x18 
                0x0000000020000018                __log_dynamic_data_run_end__ = (__log_dynamic_data_run_start__ + SIZEOF (.log_dynamic_data_run))
                0x0000000000000018                __log_dynamic_data_run_size__ = SIZEOF (.log_dynamic_data_run)
                0x0000000020000018                __stop_log_dynamic_data = __log_dynamic_data_run_end__
                0x0000000020000018                __log_dynamic_data_run_load_end__ = __log_dynamic_data_run_end__
                0x0000000000000001                . = ASSERT (((__log_dynamic_data_run_start__ == __log_dynamic_data_run_end__) || ((__log_dynamic_data_run_end__ >= __RAM_segment_start__) && (__log_dynamic_data_run_end__ <= __RAM_segment_end__))), error: .log_dynamic_data_run is too large to fit in RAM memory segment)
                0x0000000020000018                __nrf_sections_run_end_load_start__ = ALIGN (__log_dynamic_data_run_end__, 0x4)

.nrf_sections_run_end
                0x0000000020000018        0x0
                0x0000000020000018                __nrf_sections_run_end_start__ = .
                0x0000000020000018                __end_nrf_sections_run = __nrf_sections_run_end_start__
 *(.nrf_sections_run_end .nrf_sections_run_end.*)
                0x0000000020000018                __nrf_sections_run_end_end__ = (__nrf_sections_run_end_start__ + SIZEOF (.nrf_sections_run_end))
                0x0000000000000000                __nrf_sections_run_end_size__ = SIZEOF (.nrf_sections_run_end)
                0x0000000020000018                __nrf_sections_run_end_load_end__ = __nrf_sections_run_end_end__
                0x0000000000000001                . = ASSERT (((__nrf_sections_run_end_start__ == __nrf_sections_run_end_end__) || ((__nrf_sections_run_end_end__ >= __RAM_segment_start__) && (__nrf_sections_run_end_end__ <= __RAM_segment_end__))), error: .nrf_sections_run_end is too large to fit in RAM memory segment)
                0x0000000000002a48                __dtors_load_start__ = ALIGN ((__log_dynamic_data_load_start__ + SIZEOF (.log_dynamic_data)), 0x4)

.dtors          0x0000000000002a48        0x0
                0x0000000000002a48                __dtors_start__ = .
 *(SORT(.dtors.*))
 *(.dtors)
 *(.fini_array)
 *(SORT(.fini_array.*))
                0x0000000000002a48                __dtors_end__ = (__dtors_start__ + SIZEOF (.dtors))
                0x0000000000000000                __dtors_size__ = SIZEOF (.dtors)
                0x0000000000002a48                __dtors_load_end__ = __dtors_end__
                0x0000000000000001                . = ASSERT (((__dtors_start__ == __dtors_end__) || ((__dtors_end__ >= __FLASH_segment_start__) && (__dtors_end__ <= __FLASH_segment_end__))), error: .dtors is too large to fit in FLASH memory segment)
                0x0000000000002a48                __ctors_load_start__ = ALIGN (__dtors_end__, 0x4)

.ctors          0x0000000000002a48        0x0
                0x0000000000002a48                __ctors_start__ = .
 *(SORT(.ctors.*))
 *(.ctors)
 *(.init_array)
 *(SORT(.init_array.*))
                0x0000000000002a48                __ctors_end__ = (__ctors_start__ + SIZEOF (.ctors))
                0x0000000000000000                __ctors_size__ = SIZEOF (.ctors)
                0x0000000000002a48                __ctors_load_end__ = __ctors_end__
                0x0000000000000001                . = ASSERT (((__ctors_start__ == __ctors_end__) || ((__ctors_end__ >= __FLASH_segment_start__) && (__ctors_end__ <= __FLASH_segment_end__))), error: .ctors is too large to fit in FLASH memory segment)
                0x0000000000002a48                __rodata_load_start__ = ALIGN (__ctors_end__, 0x4)

.rodata         0x0000000000002a48      0x3c8
                0x0000000000002a48                __rodata_start__ = .
 *(.rodata .rodata.* .gnu.linkonce.r.*)
 .rodata        0x0000000000002a48       0x20 Output/sk6812_i2s_pca10040 Release/Obj/nrf_log_backend_uart.o
 .rodata.nrf_log_backend_uart_api
                0x0000000000002a68        0xc Output/sk6812_i2s_pca10040 Release/Obj/nrf_log_backend_uart.o
                0x0000000000002a68                nrf_log_backend_uart_api
 .rodata.nrf_log_frontend_dequeue.str1.1
                0x0000000000002a74       0x11 Output/sk6812_i2s_pca10040 Release/Obj/nrf_log_frontend.o
 .rodata.str1.1
                0x0000000000002a85       0x17 Output/sk6812_i2s_pca10040 Release/Obj/nrf_log_frontend.o
 .rodata.m_colors
                0x0000000000002a9c       0x24 Output/sk6812_i2s_pca10040 Release/Obj/nrf_log_str_formatter.o
 .rodata.nrf_log_hexdump_entry_process.str1.1
                0x0000000000002ac0        0xf Output/sk6812_i2s_pca10040 Release/Obj/nrf_log_str_formatter.o
                                         0x11 (size before relaxing)
 .rodata.postfix_process.str1.1
                0x0000000000002acf        0xf Output/sk6812_i2s_pca10040 Release/Obj/nrf_log_str_formatter.o
                                          0x3 (size before relaxing)
 .rodata.prefix_process.str1.1
                0x0000000000002acf       0x32 Output/sk6812_i2s_pca10040 Release/Obj/nrf_log_str_formatter.o
 *fill*         0x0000000000002b01        0x3 
 .rodata.severity_names
                0x0000000000002b04       0x14 Output/sk6812_i2s_pca10040 Release/Obj/nrf_log_str_formatter.o
 .rodata.str1.1
                0x0000000000002b18       0x4b Output/sk6812_i2s_pca10040 Release/Obj/nrf_log_str_formatter.o
                                         0x51 (size before relaxing)
 .rodata.app_error_fault_handler.str1.1
                0x0000000000002b63       0x19 Output/sk6812_i2s_pca10040 Release/Obj/app_error_weak.o
 .rodata._aV2C.7289
                0x0000000000002b7c       0x10 Output/sk6812_i2s_pca10040 Release/Obj/nrf_fprintf_format.o
 .rodata.str1.1
                0x0000000000002b8c        0x4 Output/sk6812_i2s_pca10040 Release/Obj/nrfx_i2s.o
 .rodata.str1.1
                0x0000000000002b90        0x4 Output/sk6812_i2s_pca10040 Release/Obj/nrfx_prs.o
 .rodata.str1.1
                0x0000000000002b94        0x5 Output/sk6812_i2s_pca10040 Release/Obj/nrfx_uart.o
 .rodata.str1.1
                0x0000000000002b99        0x6 Output/sk6812_i2s_pca10040 Release/Obj/nrfx_uarte.o
 *fill*         0x0000000000002b9f        0x1 
 .rodata.delay_bytecode.7351
                0x0000000000002ba0        0x6 Output/sk6812_i2s_pca10040 Release/Obj/main.o
 .rodata.main.str1.1
                0x0000000000002ba6       0x2a Output/sk6812_i2s_pca10040 Release/Obj/main.o
 .rodata.libc.__RAL_ascii_ctype_map
                0x0000000000002bd0       0x80 C:/Program Files/SEGGER/SEGGER Embedded Studio for ARM 3.34a/lib/libc_v7em_fpv4_sp_d16_hard_t_le_eabi.a(libc2.o)
                0x0000000000002bd0                __RAL_ascii_ctype_map
 .rodata.libc.__RAL_ascii_ctype_mask
                0x0000000000002c50        0xd C:/Program Files/SEGGER/SEGGER Embedded Studio for ARM 3.34a/lib/libc_v7em_fpv4_sp_d16_hard_t_le_eabi.a(libc2.o)
 *fill*         0x0000000000002c5d        0x3 
 .rodata.libc.__RAL_c_locale
                0x0000000000002c60        0xc C:/Program Files/SEGGER/SEGGER Embedded Studio for ARM 3.34a/lib/libc_v7em_fpv4_sp_d16_hard_t_le_eabi.a(libc2.o)
                0x0000000000002c60                __RAL_c_locale
 .rodata.libc.__RAL_c_locale_abbrev_day_names
                0x0000000000002c6c       0x1d C:/Program Files/SEGGER/SEGGER Embedded Studio for ARM 3.34a/lib/libc_v7em_fpv4_sp_d16_hard_t_le_eabi.a(libc2.o)
                0x0000000000002c6c                __RAL_c_locale_abbrev_day_names
 *fill*         0x0000000000002c89        0x3 
 .rodata.libc.__RAL_c_locale_abbrev_month_names
                0x0000000000002c8c       0x31 C:/Program Files/SEGGER/SEGGER Embedded Studio for ARM 3.34a/lib/libc_v7em_fpv4_sp_d16_hard_t_le_eabi.a(libc2.o)
                0x0000000000002c8c                __RAL_c_locale_abbrev_month_names
 *fill*         0x0000000000002cbd        0x3 
 .rodata.libc.__RAL_c_locale_am_pm_indicator
                0x0000000000002cc0        0x7 C:/Program Files/SEGGER/SEGGER Embedded Studio for ARM 3.34a/lib/libc_v7em_fpv4_sp_d16_hard_t_le_eabi.a(libc2.o)
                0x0000000000002cc0                __RAL_c_locale_am_pm_indicator
 *fill*         0x0000000000002cc7        0x1 
 .rodata.libc.__RAL_c_locale_data
                0x0000000000002cc8       0x58 C:/Program Files/SEGGER/SEGGER Embedded Studio for ARM 3.34a/lib/libc_v7em_fpv4_sp_d16_hard_t_le_eabi.a(libc2.o)
                0x0000000000002cc8                __RAL_c_locale_data
 .rodata.libc.__RAL_c_locale_date_format
                0x0000000000002d20        0x9 C:/Program Files/SEGGER/SEGGER Embedded Studio for ARM 3.34a/lib/libc_v7em_fpv4_sp_d16_hard_t_le_eabi.a(libc2.o)
                0x0000000000002d20                __RAL_c_locale_date_format
 *fill*         0x0000000000002d29        0x3 
 .rodata.libc.__RAL_c_locale_date_time_format
                0x0000000000002d2c        0xf C:/Program Files/SEGGER/SEGGER Embedded Studio for ARM 3.34a/lib/libc_v7em_fpv4_sp_d16_hard_t_le_eabi.a(libc2.o)
                0x0000000000002d2c                __RAL_c_locale_date_time_format
 *fill*         0x0000000000002d3b        0x1 
 .rodata.libc.__RAL_c_locale_day_names
                0x0000000000002d3c       0x3a C:/Program Files/SEGGER/SEGGER Embedded Studio for ARM 3.34a/lib/libc_v7em_fpv4_sp_d16_hard_t_le_eabi.a(libc2.o)
                0x0000000000002d3c                __RAL_c_locale_day_names
 *fill*         0x0000000000002d76        0x2 
 .rodata.libc.__RAL_c_locale_month_names
                0x0000000000002d78       0x57 C:/Program Files/SEGGER/SEGGER Embedded Studio for ARM 3.34a/lib/libc_v7em_fpv4_sp_d16_hard_t_le_eabi.a(libc2.o)
                0x0000000000002d78                __RAL_c_locale_month_names
 *fill*         0x0000000000002dcf        0x1 
 .rodata.libc.__RAL_c_locale_time_format
                0x0000000000002dd0        0x9 C:/Program Files/SEGGER/SEGGER Embedded Studio for ARM 3.34a/lib/libc_v7em_fpv4_sp_d16_hard_t_le_eabi.a(libc2.o)
                0x0000000000002dd0                __RAL_c_locale_time_format
 *fill*         0x0000000000002dd9        0x3 
 .rodata.libc.__RAL_codeset_ascii
                0x0000000000002ddc       0x20 C:/Program Files/SEGGER/SEGGER Embedded Studio for ARM 3.34a/lib/libc_v7em_fpv4_sp_d16_hard_t_le_eabi.a(libc2.o)
                0x0000000000002ddc                __RAL_codeset_ascii
 .rodata.libc.__RAL_data_empty_string
                0x0000000000002dfc        0x1 C:/Program Files/SEGGER/SEGGER Embedded Studio for ARM 3.34a/lib/libc_v7em_fpv4_sp_d16_hard_t_le_eabi.a(libc2.o)
                0x0000000000002dfc                __RAL_data_empty_string
 *fill*         0x0000000000002dfd        0x3 
 .rodata.libc.__RAL_data_utf8_period
                0x0000000000002e00        0x2 C:/Program Files/SEGGER/SEGGER Embedded Studio for ARM 3.34a/lib/libc_v7em_fpv4_sp_d16_hard_t_le_eabi.a(libc2.o)
                0x0000000000002e00                __RAL_data_utf8_period
 *fill*         0x0000000000002e02        0x2 
 .rodata.libc.__RAL_find_locale.str1.4
                0x0000000000002e04        0xc C:/Program Files/SEGGER/SEGGER Embedded Studio for ARM 3.34a/lib/libc_v7em_fpv4_sp_d16_hard_t_le_eabi.a(libc2.o)
                                          0xa (size before relaxing)
                0x0000000000002e10                __rodata_end__ = (__rodata_start__ + SIZEOF (.rodata))
                0x00000000000003c8                __rodata_size__ = SIZEOF (.rodata)
                0x0000000000002e10                __rodata_load_end__ = __rodata_end__

.rel.dyn        0x0000000000002e10        0x0
 .rel.iplt      0x0000000000002e10        0x0 Output/sk6812_i2s_pca10040 Release/Obj/thumb_crt0.o
                0x0000000000000001                . = ASSERT (((__rodata_start__ == __rodata_end__) || ((__rodata_end__ >= __FLASH_segment_start__) && (__rodata_end__ <= __FLASH_segment_end__))), error: .rodata is too large to fit in FLASH memory segment)
                0x0000000000002e10                __ARM.exidx_load_start__ = ALIGN (__rodata_end__, 0x4)

.ARM.exidx      0x0000000000002e10        0x0
                0x0000000000002e10                __ARM.exidx_start__ = .
                0x0000000000002e10                __exidx_start = __ARM.exidx_start__
 *(.ARM.exidx .ARM.exidx.*)
                0x0000000000002e10                __ARM.exidx_end__ = (__ARM.exidx_start__ + SIZEOF (.ARM.exidx))
                0x0000000000000000                __ARM.exidx_size__ = SIZEOF (.ARM.exidx)
                0x0000000000002e10                __exidx_end = __ARM.exidx_end__
                0x0000000000002e10                __ARM.exidx_load_end__ = __ARM.exidx_end__
                0x0000000000000001                . = ASSERT (((__ARM.exidx_start__ == __ARM.exidx_end__) || ((__ARM.exidx_end__ >= __FLASH_segment_start__) && (__ARM.exidx_end__ <= __FLASH_segment_end__))), error: .ARM.exidx is too large to fit in FLASH memory segment)
                0x0000000000002e10                __fast_load_start__ = ALIGN (__ARM.exidx_end__, 0x4)

.fast           0x0000000020000018        0x0 load address 0x0000000000002e10
                0x0000000020000018                __fast_start__ = .
 *(.fast .fast.*)
                0x0000000020000018                __fast_end__ = (__fast_start__ + SIZEOF (.fast))
                0x0000000000000000                __fast_size__ = SIZEOF (.fast)
                0x0000000000002e10                __fast_load_end__ = (__fast_load_start__ + SIZEOF (.fast))
                0x0000000000000001                . = ASSERT (((__fast_load_start__ == __fast_load_end__) || ((__fast_load_end__ >= __FLASH_segment_start__) && (__fast_load_end__ <= __FLASH_segment_end__))), error: .fast is too large to fit in FLASH memory segment)

.fast_run       0x0000000020000018        0x0
                0x0000000020000018                __fast_run_start__ = .
                0x0000000020000018                . = MAX ((__fast_run_start__ + SIZEOF (.fast)), .)
                0x0000000020000018                __fast_run_end__ = (__fast_run_start__ + SIZEOF (.fast_run))
                0x0000000000000000                __fast_run_size__ = SIZEOF (.fast_run)
                0x0000000020000018                __fast_run_load_end__ = __fast_run_end__
                0x0000000000000001                . = ASSERT (((__fast_run_start__ == __fast_run_end__) || ((__fast_run_end__ >= __RAM_segment_start__) && (__fast_run_end__ <= __RAM_segment_end__))), error: .fast_run is too large to fit in RAM memory segment)
                0x0000000000002e10                __data_load_start__ = ALIGN ((__fast_load_start__ + SIZEOF (.fast)), 0x4)

.data           0x0000000020000018       0x38 load address 0x0000000000002e10
                0x0000000020000018                __data_start__ = .
 *(.data .data.* .gnu.linkonce.d.*)
 .data.m_uart   0x0000000020000018       0x14 Output/sk6812_i2s_pca10040 Release/Obj/nrf_log_backend_uart.o
                0x0000000020000018                m_uart
 .data.uart_log_backend
                0x000000002000002c        0xc Output/sk6812_i2s_pca10040 Release/Obj/nrf_log_default_backends.o
 .data.SystemCoreClock
                0x0000000020000038        0x4 Output/sk6812_i2s_pca10040 Release/Obj/system_nrf52.o
                0x0000000020000038                SystemCoreClock
 .data.libc.__RAL_global_locale
                0x000000002000003c       0x14 C:/Program Files/SEGGER/SEGGER Embedded Studio for ARM 3.34a/lib/libc_v7em_fpv4_sp_d16_hard_t_le_eabi.a(libc2.o)
                0x000000002000003c                __RAL_global_locale
                0x0000000020000050                __data_end__ = (__data_start__ + SIZEOF (.data))
                0x0000000000000038                __data_size__ = SIZEOF (.data)
                0x0000000000002e48                __data_load_end__ = (__data_load_start__ + SIZEOF (.data))

.igot.plt       0x0000000100000000        0x0
 .igot.plt      0x0000000100000000        0x0 Output/sk6812_i2s_pca10040 Release/Obj/thumb_crt0.o
                0x0000000000000001                . = ASSERT (((__data_load_start__ == __data_load_end__) || ((__data_load_end__ >= __FLASH_segment_start__) && (__data_load_end__ <= __FLASH_segment_end__))), error: .data is too large to fit in FLASH memory segment)

.data_run       0x0000000020000018       0x38 load address 0x0000000000002e10
                0x0000000020000018                __data_run_start__ = .
                0x0000000020000050                . = MAX ((__data_run_start__ + SIZEOF (.data)), .)
 *fill*         0x0000000020000018       0x38 
                0x0000000020000050                __data_run_end__ = (__data_run_start__ + SIZEOF (.data_run))
                0x0000000000000038                __data_run_size__ = SIZEOF (.data_run)
                0x0000000020000050                __data_run_load_end__ = __data_run_end__
                0x0000000000000001                . = ASSERT (((__data_run_start__ == __data_run_end__) || ((__data_run_end__ >= __RAM_segment_start__) && (__data_run_end__ <= __RAM_segment_end__))), error: .data_run is too large to fit in RAM memory segment)
                0x0000000000002e48                __tdata_load_start__ = ALIGN ((__data_load_start__ + SIZEOF (.data)), 0x4)

.tdata          0x0000000020000050        0x0 load address 0x0000000000002e48
                0x0000000020000050                __tdata_start__ = .
 *(.tdata .tdata.*)
                0x0000000020000050                __tdata_end__ = (__tdata_start__ + SIZEOF (.tdata))
                0x0000000000000000                __tdata_size__ = SIZEOF (.tdata)
                0x0000000000002e48                __tdata_load_end__ = (__tdata_load_start__ + SIZEOF (.tdata))
                0x0000000000002e48                __FLASH_segment_used_end__ = (ALIGN ((__data_load_start__ + SIZEOF (.data)), 0x4) + SIZEOF (.tdata))
                0x0000000000002e48                __FLASH_segment_used_size__ = (__FLASH_segment_used_end__ - __FLASH_segment_start__)
                0x0000000000000001                . = ASSERT (((__tdata_load_start__ == __tdata_load_end__) || ((__tdata_load_end__ >= __FLASH_segment_start__) && (__tdata_load_end__ <= __FLASH_segment_end__))), error: .tdata is too large to fit in FLASH memory segment)

.tdata_run      0x0000000020000050        0x0
                0x0000000020000050                __tdata_run_start__ = .
                0x0000000020000050                . = MAX ((__tdata_run_start__ + SIZEOF (.tdata)), .)
                0x0000000020000050                __tdata_run_end__ = (__tdata_run_start__ + SIZEOF (.tdata_run))
                0x0000000000000000                __tdata_run_size__ = SIZEOF (.tdata_run)
                0x0000000020000050                __tdata_run_load_end__ = __tdata_run_end__
                0x0000000000000001                . = ASSERT (((__tdata_run_start__ == __tdata_run_end__) || ((__tdata_run_end__ >= __RAM_segment_start__) && (__tdata_run_end__ <= __RAM_segment_end__))), error: .tdata_run is too large to fit in RAM memory segment)
                0x0000000020000050                __bss_load_start__ = ALIGN (__tdata_run_end__, 0x4)

.bss            0x0000000020000050      0x65f
                0x0000000020000050                __bss_start__ = .
 *(.bss .bss.* .gnu.linkonce.b.*)
 .bss.m_async_mode
                0x0000000020000050        0x1 Output/sk6812_i2s_pca10040 Release/Obj/nrf_log_backend_uart.o
 .bss.m_string_buff
                0x0000000020000051       0x40 Output/sk6812_i2s_pca10040 Release/Obj/nrf_log_backend_uart.o
 .bss.m_xfer_done
                0x0000000020000091        0x1 Output/sk6812_i2s_pca10040 Release/Obj/nrf_log_backend_uart.o
 *fill*         0x0000000020000092        0x2 
 .bss.log_mempool_nrf_balloc_cb
                0x0000000020000094        0x8 Output/sk6812_i2s_pca10040 Release/Obj/nrf_log_frontend.o
 .bss.log_mempool_nrf_balloc_pool_mem
                0x000000002000009c       0xc0 Output/sk6812_i2s_pca10040 Release/Obj/nrf_log_frontend.o
 .bss.log_mempool_nrf_balloc_pool_stack
                0x000000002000015c        0x8 Output/sk6812_i2s_pca10040 Release/Obj/nrf_log_frontend.o
 .bss.m_log_data
                0x0000000020000164      0x424 Output/sk6812_i2s_pca10040 Release/Obj/nrf_log_frontend.o
 .bss.m_in_critical_region
                0x0000000020000588        0x4 Output/sk6812_i2s_pca10040 Release/Obj/app_util_platform.o
 .bss.m_contexts
                0x000000002000058c        0x4 Output/sk6812_i2s_pca10040 Release/Obj/nrf_drv_uart.o
 .bss.m_handlers
                0x0000000020000590        0x4 Output/sk6812_i2s_pca10040 Release/Obj/nrf_drv_uart.o
 .bss.nrf_drv_uart_use_easy_dma
                0x0000000020000594        0x1 Output/sk6812_i2s_pca10040 Release/Obj/nrf_drv_uart.o
                0x0000000020000594                nrf_drv_uart_use_easy_dma
 *fill*         0x0000000020000595        0x3 
 .bss.m_cb      0x0000000020000598       0x18 Output/sk6812_i2s_pca10040 Release/Obj/nrfx_i2s.o
 .bss.m_prs_box_4
                0x00000000200005b0        0x8 Output/sk6812_i2s_pca10040 Release/Obj/nrfx_prs.o
 .bss.m_cb      0x00000000200005b8       0x2c Output/sk6812_i2s_pca10040 Release/Obj/nrfx_uart.o
 .bss.m_cb      0x00000000200005e4       0x24 Output/sk6812_i2s_pca10040 Release/Obj/nrfx_uarte.o
 .bss.m_i2s_led_buffer_tx
                0x0000000020000608       0x8c Output/sk6812_i2s_pca10040 Release/Obj/main.o
                0x0000000020000608                m_i2s_led_buffer_tx
 .bss.m_led_buffer_tx
                0x0000000020000694       0x1b Output/sk6812_i2s_pca10040 Release/Obj/main.o
                0x0000000020000694                m_led_buffer_tx
 *(COMMON)
                0x00000000200006af                __bss_end__ = (__bss_start__ + SIZEOF (.bss))
                0x000000000000065f                __bss_size__ = SIZEOF (.bss)
                0x00000000200006af                __bss_load_end__ = __bss_end__
                0x0000000000000001                . = ASSERT (((__bss_start__ == __bss_end__) || ((__bss_end__ >= __RAM_segment_start__) && (__bss_end__ <= __RAM_segment_end__))), error: .bss is too large to fit in RAM memory segment)
                0x00000000200006b0                __tbss_load_start__ = ALIGN (__bss_end__, 0x4)

.tbss           0x00000000200006b0        0x0
                0x00000000200006b0                __tbss_start__ = .
 *(.tbss .tbss.*)
                0x00000000200006b0                __tbss_end__ = (__tbss_start__ + SIZEOF (.tbss))
                0x0000000000000000                __tbss_size__ = SIZEOF (.tbss)
                0x00000000200006b0                __tbss_load_end__ = __tbss_end__
                0x0000000000000001                . = ASSERT (((__tbss_start__ == __tbss_end__) || ((__tbss_end__ >= __RAM_segment_start__) && (__tbss_end__ <= __RAM_segment_end__))), error: .tbss is too large to fit in RAM memory segment)
                0x00000000200006b0                __non_init_load_start__ = ALIGN (__tbss_end__, 0x4)

.non_init       0x00000000200006b0        0x0
                0x00000000200006b0                __non_init_start__ = .
 *(.non_init .non_init.*)
                0x00000000200006b0                __non_init_end__ = (__non_init_start__ + SIZEOF (.non_init))
                0x0000000000000000                __non_init_size__ = SIZEOF (.non_init)
                0x00000000200006b0                __non_init_load_end__ = __non_init_end__
                0x0000000000000001                . = ASSERT (((__non_init_start__ == __non_init_end__) || ((__non_init_end__ >= __RAM_segment_start__) && (__non_init_end__ <= __RAM_segment_end__))), error: .non_init is too large to fit in RAM memory segment)
                0x00000000200006b0                __heap_load_start__ = ALIGN (__non_init_end__, 0x4)

.heap           0x00000000200006b0     0x2000
                0x00000000200006b0                __heap_start__ = .
 *(.heap .heap.*)
                0x00000000200026b0                . = ALIGN (MAX ((__heap_start__ + __HEAPSIZE__), .), 0x4)
 *fill*         0x00000000200006b0     0x2000 
                0x00000000200026b0                __heap_end__ = (__heap_start__ + SIZEOF (.heap))
                0x0000000000002000                __heap_size__ = SIZEOF (.heap)
                0x00000000200026b0                __heap_load_end__ = __heap_end__
                0x0000000000000001                . = ASSERT (((__heap_start__ == __heap_end__) || ((__heap_end__ >= __RAM_segment_start__) && (__heap_end__ <= __RAM_segment_end__))), error: .heap is too large to fit in RAM memory segment)
                0x000000002000e000                __stack_load_start__ = (__RAM_segment_end__ - 0x2000)

.stack          0x000000002000e000     0x2000
                0x000000002000e000                __stack_start__ = .
                0x000000002000e000                __StackLimit = __stack_start__
 *(.stack .stack.*)
                0x0000000020010000                . = ALIGN (MAX ((__stack_start__ + __STACKSIZE__), .), 0x8)
 *fill*         0x000000002000e000     0x2000 
                0x0000000020010000                __stack_end__ = (__stack_start__ + SIZEOF (.stack))
                0x0000000000002000                __stack_size__ = SIZEOF (.stack)
                0x0000000020010000                __StackTop = __stack_end__
                0x0000000020010000                __stack_load_end__ = __stack_end__
                0x0000000000000001                . = ASSERT (((__stack_start__ == __stack_end__) || ((__stack_end__ >= __RAM_segment_start__) && (__stack_end__ <= __RAM_segment_end__))), error: .stack is too large to fit in RAM memory segment)
                0x0000000000000001                . = ASSERT ((__heap_end__ <= __stack_start__), error: section .heap overlaps absolute placed section .stack)
                0x0000000020010000                __stack_process_load_start__ = ALIGN (__stack_end__, 0x8)

.stack_process  0x0000000020010000        0x0
                0x0000000020010000                __stack_process_start__ = .
 *(.stack_process .stack_process.*)
                0x0000000020010000                . = ALIGN (MAX ((__stack_process_start__ + __STACKSIZE_PROCESS__), .), 0x8)
                0x0000000020010000                __stack_process_end__ = (__stack_process_start__ + SIZEOF (.stack_process))
                0x0000000000000000                __stack_process_size__ = SIZEOF (.stack_process)
                0x0000000020010000                __stack_process_load_end__ = __stack_process_end__
                0x0000000020010000                __RAM_segment_used_end__ = (ALIGN (__stack_end__, 0x8) + SIZEOF (.stack_process))
                0x0000000000010000                __RAM_segment_used_size__ = (__RAM_segment_used_end__ - __RAM_segment_start__)
                0x0000000000000001                . = ASSERT (((__stack_process_start__ == __stack_process_end__) || ((__stack_process_end__ >= __RAM_segment_start__) && (__stack_process_end__ <= __RAM_segment_end__))), error: .stack_process is too large to fit in RAM memory segment)
START GROUP
LOAD Output/sk6812_i2s_pca10040 Release/Obj/thumb_crt0.o
LOAD Output/sk6812_i2s_pca10040 Release/Obj/nrf_log_backend_rtt.o
LOAD Output/sk6812_i2s_pca10040 Release/Obj/nrf_log_backend_serial.o
LOAD Output/sk6812_i2s_pca10040 Release/Obj/nrf_log_backend_uart.o
LOAD Output/sk6812_i2s_pca10040 Release/Obj/nrf_log_default_backends.o
LOAD Output/sk6812_i2s_pca10040 Release/Obj/nrf_log_frontend.o
LOAD Output/sk6812_i2s_pca10040 Release/Obj/nrf_log_str_formatter.o
LOAD Output/sk6812_i2s_pca10040 Release/Obj/boards.o
LOAD Output/sk6812_i2s_pca10040 Release/Obj/app_error.o
LOAD Output/sk6812_i2s_pca10040 Release/Obj/app_error_handler_gcc.o
LOAD Output/sk6812_i2s_pca10040 Release/Obj/app_error_weak.o
LOAD Output/sk6812_i2s_pca10040 Release/Obj/app_util_platform.o
LOAD Output/sk6812_i2s_pca10040 Release/Obj/nrf_assert.o
LOAD Output/sk6812_i2s_pca10040 Release/Obj/nrf_atomic.o
LOAD Output/sk6812_i2s_pca10040 Release/Obj/nrf_balloc.o
LOAD Output/sk6812_i2s_pca10040 Release/Obj/nrf_fprintf.o
LOAD Output/sk6812_i2s_pca10040 Release/Obj/nrf_fprintf_format.o
LOAD Output/sk6812_i2s_pca10040 Release/Obj/nrf_memobj.o
LOAD Output/sk6812_i2s_pca10040 Release/Obj/nrf_strerror.o
LOAD Output/sk6812_i2s_pca10040 Release/Obj/nrf_drv_uart.o
LOAD Output/sk6812_i2s_pca10040 Release/Obj/nrfx_i2s.o
LOAD Output/sk6812_i2s_pca10040 Release/Obj/nrfx_prs.o
LOAD Output/sk6812_i2s_pca10040 Release/Obj/nrfx_uart.o
LOAD Output/sk6812_i2s_pca10040 Release/Obj/nrfx_uarte.o
LOAD Output/sk6812_i2s_pca10040 Release/Obj/main.o
LOAD Output/sk6812_i2s_pca10040 Release/Obj/SEGGER_RTT.o
LOAD Output/sk6812_i2s_pca10040 Release/Obj/SEGGER_RTT_Syscalls_SES.o
LOAD Output/sk6812_i2s_pca10040 Release/Obj/SEGGER_RTT_printf.o
LOAD Output/sk6812_i2s_pca10040 Release/Obj/ses_nRF_Startup.o
LOAD Output/sk6812_i2s_pca10040 Release/Obj/ses_nrf52_Vectors.o
LOAD Output/sk6812_i2s_pca10040 Release/Obj/system_nrf52.o
LOAD C:/Program Files/SEGGER/SEGGER Embedded Studio for ARM 3.34a/lib/libdebugio_mempoll_v7em_fpv4_sp_d16_hard_t_le_eabi.a
LOAD C:/Program Files/SEGGER/SEGGER Embedded Studio for ARM 3.34a/lib/libm_v7em_fpv4_sp_d16_hard_t_le_eabi.a
LOAD C:/Program Files/SEGGER/SEGGER Embedded Studio for ARM 3.34a/lib/libc_v7em_fpv4_sp_d16_hard_t_le_eabi.a
LOAD C:/Program Files/SEGGER/SEGGER Embedded Studio for ARM 3.34a/lib/libcpp_v7em_fpv4_sp_d16_hard_t_le_eabi.a
LOAD C:/Program Files/SEGGER/SEGGER Embedded Studio for ARM 3.34a/lib/libdebugio_v7em_fpv4_sp_d16_hard_t_le_eabi.a
LOAD C:/Program Files/SEGGER/SEGGER Embedded Studio for ARM 3.34a/lib/libvfprintf_v7em_fpv4_sp_d16_hard_t_le_eabi.o
LOAD C:/Program Files/SEGGER/SEGGER Embedded Studio for ARM 3.34a/lib/libvfscanf_v7em_fpv4_sp_d16_hard_t_le_eabi.o
END GROUP
OUTPUT(Output/Release/Exe/sk6812_i2s_pca10040.elf elf32-littlearm)

.ARM.attributes
                0x0000000000000000       0x35
 .ARM.attributes
                0x0000000000000000       0x25 Output/sk6812_i2s_pca10040 Release/Obj/thumb_crt0.o
 .ARM.attributes
                0x0000000000000025       0x39 Output/sk6812_i2s_pca10040 Release/Obj/nrf_log_backend_serial.o
 .ARM.attributes
                0x000000000000005e       0x39 Output/sk6812_i2s_pca10040 Release/Obj/nrf_log_backend_uart.o
 .ARM.attributes
                0x0000000000000097       0x39 Output/sk6812_i2s_pca10040 Release/Obj/nrf_log_default_backends.o
 .ARM.attributes
                0x00000000000000d0       0x39 Output/sk6812_i2s_pca10040 Release/Obj/nrf_log_frontend.o
 .ARM.attributes
                0x0000000000000109       0x39 Output/sk6812_i2s_pca10040 Release/Obj/nrf_log_str_formatter.o
 .ARM.attributes
                0x0000000000000142       0x39 Output/sk6812_i2s_pca10040 Release/Obj/app_error.o
 .ARM.attributes
                0x000000000000017b       0x39 Output/sk6812_i2s_pca10040 Release/Obj/app_error_weak.o
 .ARM.attributes
                0x00000000000001b4       0x39 Output/sk6812_i2s_pca10040 Release/Obj/app_util_platform.o
 .ARM.attributes
                0x00000000000001ed       0x39 Output/sk6812_i2s_pca10040 Release/Obj/nrf_atomic.o
 .ARM.attributes
                0x0000000000000226       0x39 Output/sk6812_i2s_pca10040 Release/Obj/nrf_balloc.o
 .ARM.attributes
                0x000000000000025f       0x39 Output/sk6812_i2s_pca10040 Release/Obj/nrf_fprintf.o
 .ARM.attributes
                0x0000000000000298       0x39 Output/sk6812_i2s_pca10040 Release/Obj/nrf_fprintf_format.o
 .ARM.attributes
                0x00000000000002d1       0x39 Output/sk6812_i2s_pca10040 Release/Obj/nrf_memobj.o
 .ARM.attributes
                0x000000000000030a       0x39 Output/sk6812_i2s_pca10040 Release/Obj/nrf_drv_uart.o
 .ARM.attributes
                0x0000000000000343       0x39 Output/sk6812_i2s_pca10040 Release/Obj/nrfx_i2s.o
 .ARM.attributes
                0x000000000000037c       0x39 Output/sk6812_i2s_pca10040 Release/Obj/nrfx_prs.o
 .ARM.attributes
                0x00000000000003b5       0x39 Output/sk6812_i2s_pca10040 Release/Obj/nrfx_uart.o
 .ARM.attributes
                0x00000000000003ee       0x39 Output/sk6812_i2s_pca10040 Release/Obj/nrfx_uarte.o
 .ARM.attributes
                0x0000000000000427       0x39 Output/sk6812_i2s_pca10040 Release/Obj/main.o
 .ARM.attributes
                0x0000000000000460       0x25 Output/sk6812_i2s_pca10040 Release/Obj/ses_nRF_Startup.o
 .ARM.attributes
                0x0000000000000485       0x25 Output/sk6812_i2s_pca10040 Release/Obj/ses_nrf52_Vectors.o
 .ARM.attributes
                0x00000000000004aa       0x39 Output/sk6812_i2s_pca10040 Release/Obj/system_nrf52.o
 .ARM.attributes
                0x00000000000004e3       0x34 C:/Program Files/SEGGER/SEGGER Embedded Studio for ARM 3.34a/lib/libc_v7em_fpv4_sp_d16_hard_t_le_eabi.a(libc2.o)
 .ARM.attributes
                0x0000000000000517       0x20 C:/Program Files/SEGGER/SEGGER Embedded Studio for ARM 3.34a/lib/libc_v7em_fpv4_sp_d16_hard_t_le_eabi.a(libc2_asm.o)

.comment        0x0000000000000000       0x4c
 .comment       0x0000000000000000       0x4c Output/sk6812_i2s_pca10040 Release/Obj/nrf_log_backend_serial.o
                                         0x4d (size before relaxing)
 .comment       0x000000000000004c       0x4d Output/sk6812_i2s_pca10040 Release/Obj/nrf_log_backend_uart.o
 .comment       0x000000000000004c       0x4d Output/sk6812_i2s_pca10040 Release/Obj/nrf_log_default_backends.o
 .comment       0x000000000000004c       0x4d Output/sk6812_i2s_pca10040 Release/Obj/nrf_log_frontend.o
 .comment       0x000000000000004c       0x4d Output/sk6812_i2s_pca10040 Release/Obj/nrf_log_str_formatter.o
 .comment       0x000000000000004c       0x4d Output/sk6812_i2s_pca10040 Release/Obj/app_error.o
 .comment       0x000000000000004c       0x4d Output/sk6812_i2s_pca10040 Release/Obj/app_error_weak.o
 .comment       0x000000000000004c       0x4d Output/sk6812_i2s_pca10040 Release/Obj/app_util_platform.o
 .comment       0x000000000000004c       0x4d Output/sk6812_i2s_pca10040 Release/Obj/nrf_atomic.o
 .comment       0x000000000000004c       0x4d Output/sk6812_i2s_pca10040 Release/Obj/nrf_balloc.o
 .comment       0x000000000000004c       0x4d Output/sk6812_i2s_pca10040 Release/Obj/nrf_fprintf.o
 .comment       0x000000000000004c       0x4d Output/sk6812_i2s_pca10040 Release/Obj/nrf_fprintf_format.o
 .comment       0x000000000000004c       0x4d Output/sk6812_i2s_pca10040 Release/Obj/nrf_memobj.o
 .comment       0x000000000000004c       0x4d Output/sk6812_i2s_pca10040 Release/Obj/nrf_drv_uart.o
 .comment       0x000000000000004c       0x4d Output/sk6812_i2s_pca10040 Release/Obj/nrfx_i2s.o
 .comment       0x000000000000004c       0x4d Output/sk6812_i2s_pca10040 Release/Obj/nrfx_prs.o
 .comment       0x000000000000004c       0x4d Output/sk6812_i2s_pca10040 Release/Obj/nrfx_uart.o
 .comment       0x000000000000004c       0x4d Output/sk6812_i2s_pca10040 Release/Obj/nrfx_uarte.o
 .comment       0x000000000000004c       0x4d Output/sk6812_i2s_pca10040 Release/Obj/main.o
 .comment       0x000000000000004c       0x4d Output/sk6812_i2s_pca10040 Release/Obj/system_nrf52.o
 .comment       0x000000000000004c       0x4d C:/Program Files/SEGGER/SEGGER Embedded Studio for ARM 3.34a/lib/libc_v7em_fpv4_sp_d16_hard_t_le_eabi.a(libc2.o)

.debug_line     0x0000000000000000     0x8cd5
 .debug_line    0x0000000000000000      0x2b5 Output/sk6812_i2s_pca10040 Release/Obj/thumb_crt0.o
 .debug_line    0x00000000000002b5      0x64f Output/sk6812_i2s_pca10040 Release/Obj/nrf_log_backend_serial.o
 .debug_line    0x0000000000000904      0x888 Output/sk6812_i2s_pca10040 Release/Obj/nrf_log_backend_uart.o
 .debug_line    0x000000000000118c      0x5da Output/sk6812_i2s_pca10040 Release/Obj/nrf_log_default_backends.o
 .debug_line    0x0000000000001766      0xa67 Output/sk6812_i2s_pca10040 Release/Obj/nrf_log_frontend.o
 .debug_line    0x00000000000021cd      0x697 Output/sk6812_i2s_pca10040 Release/Obj/nrf_log_str_formatter.o
 .debug_line    0x0000000000002864      0x317 Output/sk6812_i2s_pca10040 Release/Obj/app_error.o
 .debug_line    0x0000000000002b7b      0x64d Output/sk6812_i2s_pca10040 Release/Obj/app_error_weak.o
 .debug_line    0x00000000000031c8      0x399 Output/sk6812_i2s_pca10040 Release/Obj/app_util_platform.o
 .debug_line    0x0000000000003561      0x4ee Output/sk6812_i2s_pca10040 Release/Obj/nrf_atomic.o
 .debug_line    0x0000000000003a4f      0x55d Output/sk6812_i2s_pca10040 Release/Obj/nrf_balloc.o
 .debug_line    0x0000000000003fac      0x3a4 Output/sk6812_i2s_pca10040 Release/Obj/nrf_fprintf.o
 .debug_line    0x0000000000004350      0x4f0 Output/sk6812_i2s_pca10040 Release/Obj/nrf_fprintf_format.o
 .debug_line    0x0000000000004840      0x607 Output/sk6812_i2s_pca10040 Release/Obj/nrf_memobj.o
 .debug_line    0x0000000000004e47      0x5d5 Output/sk6812_i2s_pca10040 Release/Obj/nrf_drv_uart.o
 .debug_line    0x000000000000541c      0x980 Output/sk6812_i2s_pca10040 Release/Obj/nrfx_i2s.o
 .debug_line    0x0000000000005d9c      0x6d8 Output/sk6812_i2s_pca10040 Release/Obj/nrfx_prs.o
 .debug_line    0x0000000000006474      0xc5c Output/sk6812_i2s_pca10040 Release/Obj/nrfx_uart.o
 .debug_line    0x00000000000070d0      0xb61 Output/sk6812_i2s_pca10040 Release/Obj/nrfx_uarte.o
 .debug_line    0x0000000000007c31      0xc21 Output/sk6812_i2s_pca10040 Release/Obj/main.o
 .debug_line    0x0000000000008852       0xcb Output/sk6812_i2s_pca10040 Release/Obj/ses_nRF_Startup.o
 .debug_line    0x000000000000891d       0xd4 Output/sk6812_i2s_pca10040 Release/Obj/ses_nrf52_Vectors.o
 .debug_line    0x00000000000089f1      0x2e4 Output/sk6812_i2s_pca10040 Release/Obj/system_nrf52.o

.debug_info     0x0000000000000000    0x181e2
 .debug_info    0x0000000000000000       0xf6 Output/sk6812_i2s_pca10040 Release/Obj/thumb_crt0.o
 .debug_info    0x00000000000000f6      0xced Output/sk6812_i2s_pca10040 Release/Obj/nrf_log_backend_serial.o
 .debug_info    0x0000000000000de3     0x157b Output/sk6812_i2s_pca10040 Release/Obj/nrf_log_backend_uart.o
 .debug_info    0x000000000000235e      0x84a Output/sk6812_i2s_pca10040 Release/Obj/nrf_log_default_backends.o
 .debug_info    0x0000000000002ba8     0x24f1 Output/sk6812_i2s_pca10040 Release/Obj/nrf_log_frontend.o
 .debug_info    0x0000000000005099      0xcd4 Output/sk6812_i2s_pca10040 Release/Obj/nrf_log_str_formatter.o
 .debug_info    0x0000000000005d6d      0x7e0 Output/sk6812_i2s_pca10040 Release/Obj/app_error.o
 .debug_info    0x000000000000654d      0x9a5 Output/sk6812_i2s_pca10040 Release/Obj/app_error_weak.o
 .debug_info    0x0000000000006ef2      0xc64 Output/sk6812_i2s_pca10040 Release/Obj/app_util_platform.o
 .debug_info    0x0000000000007b56      0xd96 Output/sk6812_i2s_pca10040 Release/Obj/nrf_atomic.o
 .debug_info    0x00000000000088ec      0x938 Output/sk6812_i2s_pca10040 Release/Obj/nrf_balloc.o
 .debug_info    0x0000000000009224      0x76a Output/sk6812_i2s_pca10040 Release/Obj/nrf_fprintf.o
 .debug_info    0x000000000000998e      0xb9d Output/sk6812_i2s_pca10040 Release/Obj/nrf_fprintf_format.o
 .debug_info    0x000000000000a52b      0xdbb Output/sk6812_i2s_pca10040 Release/Obj/nrf_memobj.o
 .debug_info    0x000000000000b2e6     0x15c5 Output/sk6812_i2s_pca10040 Release/Obj/nrf_drv_uart.o
 .debug_info    0x000000000000c8ab     0x2317 Output/sk6812_i2s_pca10040 Release/Obj/nrfx_i2s.o
 .debug_info    0x000000000000ebc2      0xcde Output/sk6812_i2s_pca10040 Release/Obj/nrfx_prs.o
 .debug_info    0x000000000000f8a0     0x309d Output/sk6812_i2s_pca10040 Release/Obj/nrfx_uart.o
 .debug_info    0x000000000001293d     0x2fb1 Output/sk6812_i2s_pca10040 Release/Obj/nrfx_uarte.o
 .debug_info    0x00000000000158ee     0x15f1 Output/sk6812_i2s_pca10040 Release/Obj/main.o
 .debug_info    0x0000000000016edf      0x11b Output/sk6812_i2s_pca10040 Release/Obj/ses_nRF_Startup.o
 .debug_info    0x0000000000016ffa      0x11d Output/sk6812_i2s_pca10040 Release/Obj/ses_nrf52_Vectors.o
 .debug_info    0x0000000000017117     0x10cb Output/sk6812_i2s_pca10040 Release/Obj/system_nrf52.o

.debug_abbrev   0x0000000000000000     0x3974
 .debug_abbrev  0x0000000000000000       0x12 Output/sk6812_i2s_pca10040 Release/Obj/thumb_crt0.o
 .debug_abbrev  0x0000000000000012      0x235 Output/sk6812_i2s_pca10040 Release/Obj/nrf_log_backend_serial.o
 .debug_abbrev  0x0000000000000247      0x320 Output/sk6812_i2s_pca10040 Release/Obj/nrf_log_backend_uart.o
 .debug_abbrev  0x0000000000000567      0x1d8 Output/sk6812_i2s_pca10040 Release/Obj/nrf_log_default_backends.o
 .debug_abbrev  0x000000000000073f      0x52a Output/sk6812_i2s_pca10040 Release/Obj/nrf_log_frontend.o
 .debug_abbrev  0x0000000000000c69      0x226 Output/sk6812_i2s_pca10040 Release/Obj/nrf_log_str_formatter.o
 .debug_abbrev  0x0000000000000e8f      0x1a9 Output/sk6812_i2s_pca10040 Release/Obj/app_error.o
 .debug_abbrev  0x0000000000001038      0x208 Output/sk6812_i2s_pca10040 Release/Obj/app_error_weak.o
 .debug_abbrev  0x0000000000001240      0x271 Output/sk6812_i2s_pca10040 Release/Obj/app_util_platform.o
 .debug_abbrev  0x00000000000014b1      0x220 Output/sk6812_i2s_pca10040 Release/Obj/nrf_atomic.o
 .debug_abbrev  0x00000000000016d1      0x25b Output/sk6812_i2s_pca10040 Release/Obj/nrf_balloc.o
 .debug_abbrev  0x000000000000192c      0x1ae Output/sk6812_i2s_pca10040 Release/Obj/nrf_fprintf.o
 .debug_abbrev  0x0000000000001ada      0x2da Output/sk6812_i2s_pca10040 Release/Obj/nrf_fprintf_format.o
 .debug_abbrev  0x0000000000001db4      0x26d Output/sk6812_i2s_pca10040 Release/Obj/nrf_memobj.o
 .debug_abbrev  0x0000000000002021      0x22f Output/sk6812_i2s_pca10040 Release/Obj/nrf_drv_uart.o
 .debug_abbrev  0x0000000000002250      0x430 Output/sk6812_i2s_pca10040 Release/Obj/nrfx_i2s.o
 .debug_abbrev  0x0000000000002680      0x29e Output/sk6812_i2s_pca10040 Release/Obj/nrfx_prs.o
 .debug_abbrev  0x000000000000291e      0x51f Output/sk6812_i2s_pca10040 Release/Obj/nrfx_uart.o
 .debug_abbrev  0x0000000000002e3d      0x4e0 Output/sk6812_i2s_pca10040 Release/Obj/nrfx_uarte.o
 .debug_abbrev  0x000000000000331d      0x427 Output/sk6812_i2s_pca10040 Release/Obj/main.o
 .debug_abbrev  0x0000000000003744       0x14 Output/sk6812_i2s_pca10040 Release/Obj/ses_nRF_Startup.o
 .debug_abbrev  0x0000000000003758       0x14 Output/sk6812_i2s_pca10040 Release/Obj/ses_nrf52_Vectors.o
 .debug_abbrev  0x000000000000376c      0x208 Output/sk6812_i2s_pca10040 Release/Obj/system_nrf52.o

.debug_aranges  0x0000000000000000      0x768
 .debug_aranges
                0x0000000000000000       0xe0 Output/sk6812_i2s_pca10040 Release/Obj/thumb_crt0.o
 .debug_aranges
                0x00000000000000e0       0x20 Output/sk6812_i2s_pca10040 Release/Obj/nrf_log_backend_serial.o
 .debug_aranges
                0x0000000000000100       0x50 Output/sk6812_i2s_pca10040 Release/Obj/nrf_log_backend_uart.o
 .debug_aranges
                0x0000000000000150       0x20 Output/sk6812_i2s_pca10040 Release/Obj/nrf_log_default_backends.o
 .debug_aranges
                0x0000000000000170       0xd0 Output/sk6812_i2s_pca10040 Release/Obj/nrf_log_frontend.o
 .debug_aranges
                0x0000000000000240       0x40 Output/sk6812_i2s_pca10040 Release/Obj/nrf_log_str_formatter.o
 .debug_aranges
                0x0000000000000280       0x28 Output/sk6812_i2s_pca10040 Release/Obj/app_error.o
 .debug_aranges
                0x00000000000002a8       0x20 Output/sk6812_i2s_pca10040 Release/Obj/app_error_weak.o
 .debug_aranges
                0x00000000000002c8       0x48 Output/sk6812_i2s_pca10040 Release/Obj/app_util_platform.o
 .debug_aranges
                0x0000000000000310       0xb0 Output/sk6812_i2s_pca10040 Release/Obj/nrf_atomic.o
 .debug_aranges
                0x00000000000003c0       0x30 Output/sk6812_i2s_pca10040 Release/Obj/nrf_balloc.o
 .debug_aranges
                0x00000000000003f0       0x28 Output/sk6812_i2s_pca10040 Release/Obj/nrf_fprintf.o
 .debug_aranges
                0x0000000000000418       0x30 Output/sk6812_i2s_pca10040 Release/Obj/nrf_fprintf_format.o
 .debug_aranges
                0x0000000000000448       0x50 Output/sk6812_i2s_pca10040 Release/Obj/nrf_memobj.o
 .debug_aranges
                0x0000000000000498       0x30 Output/sk6812_i2s_pca10040 Release/Obj/nrf_drv_uart.o
 .debug_aranges
                0x00000000000004c8       0x48 Output/sk6812_i2s_pca10040 Release/Obj/nrfx_i2s.o
 .debug_aranges
                0x0000000000000510       0x30 Output/sk6812_i2s_pca10040 Release/Obj/nrfx_prs.o
 .debug_aranges
                0x0000000000000540       0xa0 Output/sk6812_i2s_pca10040 Release/Obj/nrfx_uart.o
 .debug_aranges
                0x00000000000005e0       0x78 Output/sk6812_i2s_pca10040 Release/Obj/nrfx_uarte.o
 .debug_aranges
                0x0000000000000658       0x98 Output/sk6812_i2s_pca10040 Release/Obj/main.o
 .debug_aranges
                0x00000000000006f0       0x20 Output/sk6812_i2s_pca10040 Release/Obj/ses_nRF_Startup.o
 .debug_aranges
                0x0000000000000710       0x20 Output/sk6812_i2s_pca10040 Release/Obj/ses_nrf52_Vectors.o
 .debug_aranges
                0x0000000000000730       0x38 Output/sk6812_i2s_pca10040 Release/Obj/system_nrf52.o

.debug_ranges   0x0000000000000000      0xf48
 .debug_ranges  0x0000000000000000       0xd8 Output/sk6812_i2s_pca10040 Release/Obj/thumb_crt0.o
 .debug_ranges  0x00000000000000d8       0x28 Output/sk6812_i2s_pca10040 Release/Obj/nrf_log_backend_serial.o
 .debug_ranges  0x0000000000000100       0x78 Output/sk6812_i2s_pca10040 Release/Obj/nrf_log_backend_uart.o
 .debug_ranges  0x0000000000000178       0x10 Output/sk6812_i2s_pca10040 Release/Obj/nrf_log_default_backends.o
 .debug_ranges  0x0000000000000188      0x388 Output/sk6812_i2s_pca10040 Release/Obj/nrf_log_frontend.o
 .debug_ranges  0x0000000000000510       0x48 Output/sk6812_i2s_pca10040 Release/Obj/nrf_log_str_formatter.o
 .debug_ranges  0x0000000000000558       0x18 Output/sk6812_i2s_pca10040 Release/Obj/app_error.o
 .debug_ranges  0x0000000000000570       0x10 Output/sk6812_i2s_pca10040 Release/Obj/app_error_weak.o
 .debug_ranges  0x0000000000000580       0x38 Output/sk6812_i2s_pca10040 Release/Obj/app_util_platform.o
 .debug_ranges  0x00000000000005b8       0xb8 Output/sk6812_i2s_pca10040 Release/Obj/nrf_atomic.o
 .debug_ranges  0x0000000000000670       0x20 Output/sk6812_i2s_pca10040 Release/Obj/nrf_balloc.o
 .debug_ranges  0x0000000000000690       0x18 Output/sk6812_i2s_pca10040 Release/Obj/nrf_fprintf.o
 .debug_ranges  0x00000000000006a8       0x58 Output/sk6812_i2s_pca10040 Release/Obj/nrf_fprintf_format.o
 .debug_ranges  0x0000000000000700       0x90 Output/sk6812_i2s_pca10040 Release/Obj/nrf_memobj.o
 .debug_ranges  0x0000000000000790       0x20 Output/sk6812_i2s_pca10040 Release/Obj/nrf_drv_uart.o
 .debug_ranges  0x00000000000007b0      0x108 Output/sk6812_i2s_pca10040 Release/Obj/nrfx_i2s.o
 .debug_ranges  0x00000000000008b8       0x50 Output/sk6812_i2s_pca10040 Release/Obj/nrfx_prs.o
 .debug_ranges  0x0000000000000908      0x218 Output/sk6812_i2s_pca10040 Release/Obj/nrfx_uart.o
 .debug_ranges  0x0000000000000b20      0x1a8 Output/sk6812_i2s_pca10040 Release/Obj/nrfx_uarte.o
 .debug_ranges  0x0000000000000cc8      0x258 Output/sk6812_i2s_pca10040 Release/Obj/main.o
 .debug_ranges  0x0000000000000f20       0x28 Output/sk6812_i2s_pca10040 Release/Obj/system_nrf52.o

.debug_frame    0x0000000000000000     0x12d8
 .debug_frame   0x0000000000000000       0x48 Output/sk6812_i2s_pca10040 Release/Obj/nrf_log_backend_serial.o
 .debug_frame   0x0000000000000048       0xdc Output/sk6812_i2s_pca10040 Release/Obj/nrf_log_backend_uart.o
 .debug_frame   0x0000000000000124       0x2c Output/sk6812_i2s_pca10040 Release/Obj/nrf_log_default_backends.o
 .debug_frame   0x0000000000000150      0x310 Output/sk6812_i2s_pca10040 Release/Obj/nrf_log_frontend.o
 .debug_frame   0x0000000000000460      0x100 Output/sk6812_i2s_pca10040 Release/Obj/nrf_log_str_formatter.o
 .debug_frame   0x0000000000000560       0x58 Output/sk6812_i2s_pca10040 Release/Obj/app_error.o
 .debug_frame   0x00000000000005b8       0x2c Output/sk6812_i2s_pca10040 Release/Obj/app_error_weak.o
 .debug_frame   0x00000000000005e4       0x70 Output/sk6812_i2s_pca10040 Release/Obj/app_util_platform.o
 .debug_frame   0x0000000000000654      0x1f8 Output/sk6812_i2s_pca10040 Release/Obj/nrf_atomic.o
 .debug_frame   0x000000000000084c       0x78 Output/sk6812_i2s_pca10040 Release/Obj/nrf_balloc.o
 .debug_frame   0x00000000000008c4       0x6c Output/sk6812_i2s_pca10040 Release/Obj/nrf_fprintf.o
 .debug_frame   0x0000000000000930       0xc0 Output/sk6812_i2s_pca10040 Release/Obj/nrf_fprintf_format.o
 .debug_frame   0x00000000000009f0       0xf8 Output/sk6812_i2s_pca10040 Release/Obj/nrf_memobj.o
 .debug_frame   0x0000000000000ae8       0x88 Output/sk6812_i2s_pca10040 Release/Obj/nrf_drv_uart.o
 .debug_frame   0x0000000000000b70       0xe4 Output/sk6812_i2s_pca10040 Release/Obj/nrfx_i2s.o
 .debug_frame   0x0000000000000c54       0x50 Output/sk6812_i2s_pca10040 Release/Obj/nrfx_prs.o
 .debug_frame   0x0000000000000ca4      0x21c Output/sk6812_i2s_pca10040 Release/Obj/nrfx_uart.o
 .debug_frame   0x0000000000000ec0      0x17c Output/sk6812_i2s_pca10040 Release/Obj/nrfx_uarte.o
 .debug_frame   0x000000000000103c      0x240 Output/sk6812_i2s_pca10040 Release/Obj/main.o
 .debug_frame   0x000000000000127c       0x5c Output/sk6812_i2s_pca10040 Release/Obj/system_nrf52.o

.debug_loc      0x0000000000000000     0x687c
 .debug_loc     0x0000000000000000      0x145 Output/sk6812_i2s_pca10040 Release/Obj/nrf_log_backend_serial.o
 .debug_loc     0x0000000000000145      0x218 Output/sk6812_i2s_pca10040 Release/Obj/nrf_log_backend_uart.o
 .debug_loc     0x000000000000035d       0x15 Output/sk6812_i2s_pca10040 Release/Obj/nrf_log_default_backends.o
 .debug_loc     0x0000000000000372     0x14b8 Output/sk6812_i2s_pca10040 Release/Obj/nrf_log_frontend.o
 .debug_loc     0x000000000000182a      0x2de Output/sk6812_i2s_pca10040 Release/Obj/nrf_log_str_formatter.o
 .debug_loc     0x0000000000001b08       0xb5 Output/sk6812_i2s_pca10040 Release/Obj/app_error.o
 .debug_loc     0x0000000000001bbd       0x63 Output/sk6812_i2s_pca10040 Release/Obj/app_error_weak.o
 .debug_loc     0x0000000000001c20       0x7d Output/sk6812_i2s_pca10040 Release/Obj/app_util_platform.o
 .debug_loc     0x0000000000001c9d      0x2c0 Output/sk6812_i2s_pca10040 Release/Obj/nrf_atomic.o
 .debug_loc     0x0000000000001f5d      0x15f Output/sk6812_i2s_pca10040 Release/Obj/nrf_balloc.o
 .debug_loc     0x00000000000020bc       0x3f Output/sk6812_i2s_pca10040 Release/Obj/nrf_fprintf.o
 .debug_loc     0x00000000000020fb      0x832 Output/sk6812_i2s_pca10040 Release/Obj/nrf_fprintf_format.o
 .debug_loc     0x000000000000292d      0xa3b Output/sk6812_i2s_pca10040 Release/Obj/nrf_memobj.o
 .debug_loc     0x0000000000003368      0x18d Output/sk6812_i2s_pca10040 Release/Obj/nrf_drv_uart.o
 .debug_loc     0x00000000000034f5      0x9ed Output/sk6812_i2s_pca10040 Release/Obj/nrfx_i2s.o
 .debug_loc     0x0000000000003ee2       0x9d Output/sk6812_i2s_pca10040 Release/Obj/nrfx_prs.o
 .debug_loc     0x0000000000003f7f     0x10b1 Output/sk6812_i2s_pca10040 Release/Obj/nrfx_uart.o
 .debug_loc     0x0000000000005030      0xffe Output/sk6812_i2s_pca10040 Release/Obj/nrfx_uarte.o
 .debug_loc     0x000000000000602e      0x84e Output/sk6812_i2s_pca10040 Release/Obj/main.o

.debug_pubnames
                0x0000000000000000     0x418c
 .debug_pubnames
                0x0000000000000000       0x31 Output/sk6812_i2s_pca10040 Release/Obj/nrf_log_backend_serial.o
 .debug_pubnames
                0x0000000000000031      0x1e4 Output/sk6812_i2s_pca10040 Release/Obj/nrf_log_backend_uart.o
 .debug_pubnames
                0x0000000000000215      0x109 Output/sk6812_i2s_pca10040 Release/Obj/nrf_log_default_backends.o
 .debug_pubnames
                0x000000000000031e      0x632 Output/sk6812_i2s_pca10040 Release/Obj/nrf_log_frontend.o
 .debug_pubnames
                0x0000000000000950      0x1bd Output/sk6812_i2s_pca10040 Release/Obj/nrf_log_str_formatter.o
 .debug_pubnames
                0x0000000000000b0d       0x6c Output/sk6812_i2s_pca10040 Release/Obj/app_error.o
 .debug_pubnames
                0x0000000000000b79      0x10e Output/sk6812_i2s_pca10040 Release/Obj/app_error_weak.o
 .debug_pubnames
                0x0000000000000c87      0x204 Output/sk6812_i2s_pca10040 Release/Obj/app_util_platform.o
 .debug_pubnames
                0x0000000000000e8b      0x233 Output/sk6812_i2s_pca10040 Release/Obj/nrf_atomic.o
 .debug_pubnames
                0x00000000000010be      0x126 Output/sk6812_i2s_pca10040 Release/Obj/nrf_balloc.o
 .debug_pubnames
                0x00000000000011e4       0x3f Output/sk6812_i2s_pca10040 Release/Obj/nrf_fprintf.o
 .debug_pubnames
                0x0000000000001223       0x67 Output/sk6812_i2s_pca10040 Release/Obj/nrf_fprintf_format.o
 .debug_pubnames
                0x000000000000128a       0xb1 Output/sk6812_i2s_pca10040 Release/Obj/nrf_memobj.o
 .debug_pubnames
                0x000000000000133b       0xcb Output/sk6812_i2s_pca10040 Release/Obj/nrf_drv_uart.o
 .debug_pubnames
                0x0000000000001406      0xd0d Output/sk6812_i2s_pca10040 Release/Obj/nrfx_i2s.o
 .debug_pubnames
                0x0000000000002113      0x187 Output/sk6812_i2s_pca10040 Release/Obj/nrfx_prs.o
 .debug_pubnames
                0x000000000000229a      0xb11 Output/sk6812_i2s_pca10040 Release/Obj/nrfx_uart.o
 .debug_pubnames
                0x0000000000002dab      0xcc3 Output/sk6812_i2s_pca10040 Release/Obj/nrfx_uarte.o
 .debug_pubnames
                0x0000000000003a6e      0x5ff Output/sk6812_i2s_pca10040 Release/Obj/main.o
 .debug_pubnames
                0x000000000000406d      0x11f Output/sk6812_i2s_pca10040 Release/Obj/system_nrf52.o

.debug_pubtypes
                0x0000000000000000     0x3a6f
 .debug_pubtypes
                0x0000000000000000      0x37c Output/sk6812_i2s_pca10040 Release/Obj/nrf_log_backend_serial.o
 .debug_pubtypes
                0x000000000000037c      0x3c9 Output/sk6812_i2s_pca10040 Release/Obj/nrf_log_backend_uart.o
 .debug_pubtypes
                0x0000000000000745      0x26d Output/sk6812_i2s_pca10040 Release/Obj/nrf_log_default_backends.o
 .debug_pubtypes
                0x00000000000009b2      0x3df Output/sk6812_i2s_pca10040 Release/Obj/nrf_log_frontend.o
 .debug_pubtypes
                0x0000000000000d91      0x273 Output/sk6812_i2s_pca10040 Release/Obj/nrf_log_str_formatter.o
 .debug_pubtypes
                0x0000000000001004      0x1ef Output/sk6812_i2s_pca10040 Release/Obj/app_error.o
 .debug_pubtypes
                0x00000000000011f3      0x207 Output/sk6812_i2s_pca10040 Release/Obj/app_error_weak.o
 .debug_pubtypes
                0x00000000000013fa      0x1dc Output/sk6812_i2s_pca10040 Release/Obj/app_util_platform.o
 .debug_pubtypes
                0x00000000000015d6      0x1c6 Output/sk6812_i2s_pca10040 Release/Obj/nrf_atomic.o
 .debug_pubtypes
                0x000000000000179c      0x21c Output/sk6812_i2s_pca10040 Release/Obj/nrf_balloc.o
 .debug_pubtypes
                0x00000000000019b8      0x228 Output/sk6812_i2s_pca10040 Release/Obj/nrf_fprintf.o
 .debug_pubtypes
                0x0000000000001be0      0x228 Output/sk6812_i2s_pca10040 Release/Obj/nrf_fprintf_format.o
 .debug_pubtypes
                0x0000000000001e08      0x2e5 Output/sk6812_i2s_pca10040 Release/Obj/nrf_memobj.o
 .debug_pubtypes
                0x00000000000020ed      0x475 Output/sk6812_i2s_pca10040 Release/Obj/nrf_drv_uart.o
 .debug_pubtypes
                0x0000000000002562      0x488 Output/sk6812_i2s_pca10040 Release/Obj/nrfx_i2s.o
 .debug_pubtypes
                0x00000000000029ea      0x2ae Output/sk6812_i2s_pca10040 Release/Obj/nrfx_prs.o
 .debug_pubtypes
                0x0000000000002c98      0x465 Output/sk6812_i2s_pca10040 Release/Obj/nrfx_uart.o
 .debug_pubtypes
                0x00000000000030fd      0x4ad Output/sk6812_i2s_pca10040 Release/Obj/nrfx_uarte.o
 .debug_pubtypes
                0x00000000000035aa      0x311 Output/sk6812_i2s_pca10040 Release/Obj/main.o
 .debug_pubtypes
                0x00000000000038bb      0x1b4 Output/sk6812_i2s_pca10040 Release/Obj/system_nrf52.o

.debug_macro    0x0000000000000000     0x3b74